<html>
<body>
<pre>
<h1>µVision Build Log</h1>
<h2>Project:</h2>
E:\Dropbox\CORTEX_STM32F100\Keil Project\freeRTOS.uvproj
Project File Date:  06/17/2013

<h2>Output:</h2>
Build target 'FreeRTOS'
compiling main.c...
linking...
Program Size: Code=10948 RO-data=368 RW-data=164 ZI-data=6996  
"freeRTOS.axf" - 0 Error(s), 0 Warning(s).
Load "E:\\Dropbox\\CORTEX_STM32F100\\Keil Project\\freeRTOS.AXF" 
Erase Done.
Programming Done.
Verify OK.
Clean started: Project: 'freeRTOS'
   deleting intermediate output files for target 'FreeRTOS'
Build target 'FreeRTOS'
assembling cortexm3_macro_rvds.s...
compiling misc.c...
compiling stm32f10x_exti.c...
compiling stm32f10x_gpio.c...
compiling stm32f10x_rcc.c...
compiling stm32f10x_it.c...
assembling startup_stm32f10x_md_vl.s...
compiling main.c...
compiling system_stm32f10x.c...
compiling croutine.c...
compiling list.c...
compiling queue.c...
compiling tasks.c...
compiling timers.c...
compiling heap_2.c...
compiling port.c...
compiling STM32vldiscovery.c...
linking...
Program Size: Code=10948 RO-data=368 RW-data=164 ZI-data=6996  
".\Obj\freeRTOS.axf" - 0 Error(s), 0 Warning(s).
Load "E:\\Dropbox\\CORTEX_STM32F100\\Keil Project\\Obj\\freeRTOS.AXF" 
Erase Done.
Programming Done.
Verify OK.
