Product: MDK-ARM Professional 5.10
Component: ARM Compiler 5.04 update 1 (build 49)
Tool: armlink [5040049]

==============================================================================

Section Cross References

    system_stm32f10x.o(.text) refers to system_stm32f10x.o(.data) for SystemCoreClock
    stm32f10x_gpio.o(.text) refers to stm32f10x_rcc.o(.text) for RCC_APB2PeriphResetCmd
    stm32f10x_rcc.o(.text) refers to stm32f10x_rcc.o(.data) for APBAHBPrescTable
    startup_stm32f10x_md_vl.o(STACK) refers (Special) to heapauxi.o(.text) for __use_two_region_memory
    startup_stm32f10x_md_vl.o(HEAP) refers (Special) to heapauxi.o(.text) for __use_two_region_memory
    startup_stm32f10x_md_vl.o(RESET) refers (Special) to heapauxi.o(.text) for __use_two_region_memory
    startup_stm32f10x_md_vl.o(RESET) refers to startup_stm32f10x_md_vl.o(STACK) for __initial_sp
    startup_stm32f10x_md_vl.o(RESET) refers to startup_stm32f10x_md_vl.o(.text) for Reset_Handler
    startup_stm32f10x_md_vl.o(RESET) refers to stm32f10x_it.o(.text) for NMI_Handler
    startup_stm32f10x_md_vl.o(RESET) refers to port.o(.emb_text) for SVC_Handler
    startup_stm32f10x_md_vl.o(RESET) refers to port.o(.text) for SysTick_Handler
    startup_stm32f10x_md_vl.o(.text) refers (Special) to heapauxi.o(.text) for __use_two_region_memory
    startup_stm32f10x_md_vl.o(.text) refers to system_stm32f10x.o(.text) for SystemInit
    startup_stm32f10x_md_vl.o(.text) refers to __main.o(!!!main) for __main
    startup_stm32f10x_md_vl.o(.text) refers to startup_stm32f10x_md_vl.o(HEAP) for Heap_Mem
    startup_stm32f10x_md_vl.o(.text) refers to startup_stm32f10x_md_vl.o(STACK) for Stack_Mem
    stm32f10x_adc.o(.text) refers to stm32f10x_rcc.o(.text) for RCC_APB2PeriphResetCmd
    stm32f10x_bkp.o(.text) refers to stm32f10x_rcc.o(.text) for RCC_BackupResetCmd
    stm32f10x_can.o(.text) refers to stm32f10x_rcc.o(.text) for RCC_APB1PeriphResetCmd
    stm32f10x_cec.o(.text) refers to stm32f10x_rcc.o(.text) for RCC_APB1PeriphResetCmd
    stm32f10x_dac.o(.text) refers to stm32f10x_rcc.o(.text) for RCC_APB1PeriphResetCmd
    stm32f10x_i2c.o(.text) refers to stm32f10x_rcc.o(.text) for RCC_APB1PeriphResetCmd
    stm32f10x_pwr.o(.text) refers to stm32f10x_rcc.o(.text) for RCC_APB1PeriphResetCmd
    stm32f10x_spi.o(.text) refers to stm32f10x_rcc.o(.text) for RCC_APB2PeriphResetCmd
    stm32f10x_tim.o(.text) refers to stm32f10x_rcc.o(.text) for RCC_APB2PeriphResetCmd
    stm32f10x_usart.o(.text) refers to stm32f10x_rcc.o(.text) for RCC_APB2PeriphResetCmd
    stm32f10x_wwdg.o(.text) refers to stm32f10x_rcc.o(.text) for RCC_APB1PeriphResetCmd
    main.o(.text) refers to stm32vldiscovery.o(.text) for STM32vldiscovery_PBGetState
    main.o(.text) refers to noretval__2printf.o(.text) for __2printf
    main.o(.text) refers to tasks.o(.text) for vTaskDelay
    main.o(.text) refers to stm32f10x_rcc.o(.text) for RCC_APB2PeriphClockCmd
    main.o(.text) refers to stm32f10x_gpio.o(.text) for GPIO_Init
    main.o(.text) refers to stm32f10x_usart.o(.text) for USART_Init
    main.o(.text) refers to queue.o(.text) for xQueueGenericCreate
    main.o(.text) refers to heap_2.o(.text) for xPortGetFreeHeapSize
    main.o(.text) refers to main.o(.data) for xEventSemaphore
    main.o(.text) refers to realtimer.o(.text) for timerTask
    debug.o(.text) refers to stm32f10x_usart.o(.text) for USART_SendData
    realtimer.o(.text) refers to _printf_percent.o(.ARM.Collect$$_printf_percent$$00000000) for _printf_percent
    realtimer.o(.text) refers to _printf_d.o(.ARM.Collect$$_printf_percent$$00000009) for _printf_d
    realtimer.o(.text) refers to _printf_dec.o(.text) for _printf_int_dec
    realtimer.o(.text) refers to noretval__2printf.o(.text) for __2printf
    realtimer.o(.text) refers to tasks.o(.text) for xTaskGetTickCount
    realtimer.o(.text) refers to realtimer.o(.data) for mytime
    croutine.o(.text) refers to list.o(.text) for vListInitialise
    croutine.o(.text) refers to heap_2.o(.text) for pvPortMalloc
    croutine.o(.text) refers to port.o(.emb_text) for vPortSetInterruptMask
    croutine.o(.text) refers to tasks.o(.text) for xTaskGetTickCount
    croutine.o(.text) refers to croutine.o(.bss) for pxReadyCoRoutineLists
    croutine.o(.text) refers to croutine.o(.data) for pxDelayedCoRoutineList
    queue.o(.text) refers to port.o(.emb_text) for vPortSetInterruptMask
    queue.o(.text) refers to port.o(.text) for vPortEnterCritical
    queue.o(.text) refers to tasks.o(.text) for xTaskRemoveFromEventList
    queue.o(.text) refers to list.o(.text) for vListInitialise
    queue.o(.text) refers to heap_2.o(.text) for pvPortMalloc
    queue.o(.text) refers to rt_memcpy_v6.o(.text) for __aeabi_memcpy
    tasks.o(.text) refers to list.o(.text) for vListInitialise
    tasks.o(.text) refers to strncpy.o(.text) for strncpy
    tasks.o(.text) refers to heap_2.o(.text) for pvPortMalloc
[...]
    rtexit2.o(.ARM.Collect$$rtexit$$00000004) refers to sys_exit.o(.text) for _sys_exit
    rtexit2.o(.ARM.exidx) refers to rtexit2.o(.ARM.Collect$$rtexit$$00000001) for .ARM.Collect$$rtexit$$00000001
    rtexit2.o(.ARM.exidx) refers to rtexit2.o(.ARM.Collect$$rtexit$$00000003) for .ARM.Collect$$rtexit$$00000003
    rtexit2.o(.ARM.exidx) refers to rtexit2.o(.ARM.Collect$$rtexit$$00000004) for .ARM.Collect$$rtexit$$00000004
    argv_veneer.o(.emb_text) refers to no_argv.o(.text) for __ARM_get_argv
    sys_exit.o(.text) refers (Special) to use_no_semi.o(.text) for __I$use$semihosting
    sys_exit.o(.text) refers (Special) to indicate_semi.o(.text) for __semihosting_library_function
    _get_argv_nomalloc.o(.text) refers (Special) to hrguard.o(.text) for __heap_region$guard
    _get_argv_nomalloc.o(.text) refers to defsig_rtmem_outer.o(.text) for __rt_SIGRTMEM
    _get_argv_nomalloc.o(.text) refers to sys_command.o(.text) for _sys_command_string
    libshutdown.o(.ARM.Collect$$libshutdown$$00000000) refers (Special) to libshutdown2.o(.ARM.Collect$$libshutdown$$00000006) for __rt_lib_shutdown_fp_trap_1
    libshutdown.o(.ARM.Collect$$libshutdown$$00000000) refers (Special) to libshutdown2.o(.ARM.Collect$$libshutdown$$0000000E) for __rt_lib_shutdown_heap_1
    libshutdown.o(.ARM.Collect$$libshutdown$$00000000) refers (Special) to libshutdown2.o(.ARM.Collect$$libshutdown$$0000000F) for __rt_lib_shutdown_return
    libshutdown.o(.ARM.Collect$$libshutdown$$00000000) refers (Special) to libshutdown2.o(.ARM.Collect$$libshutdown$$00000009) for __rt_lib_shutdown_signal_1
    libshutdown.o(.ARM.Collect$$libshutdown$$00000000) refers (Special) to libshutdown2.o(.ARM.Collect$$libshutdown$$00000003) for __rt_lib_shutdown_stdio_1
    libshutdown.o(.ARM.Collect$$libshutdown$$00000000) refers (Special) to libshutdown2.o(.ARM.Collect$$libshutdown$$0000000B) for __rt_lib_shutdown_user_alloc_1
    sys_command.o(.text) refers (Special) to use_no_semi.o(.text) for __I$use$semihosting
    sys_command.o(.text) refers (Special) to indicate_semi.o(.text) for __semihosting_library_function
    defsig_rtmem_outer.o(.text) refers to defsig_rtmem_inner.o(.text) for __rt_SIGRTMEM_inner
    defsig_rtmem_outer.o(.text) refers to defsig_exit.o(.text) for __sig_exit
    defsig_rtmem_formal.o(.text) refers to rt_raise.o(.text) for __rt_raise
    rt_raise.o(.text) refers to __raise.o(.text) for __raise
    rt_raise.o(.text) refers to sys_exit.o(.text) for _sys_exit
    defsig_exit.o(.text) refers to sys_exit.o(.text) for _sys_exit
    defsig_rtmem_inner.o(.text) refers to defsig_general.o(.text) for __default_signal_display
    __raise.o(.text) refers to defsig.o(CL$$defsig) for __default_signal_handler
    defsig_general.o(.text) refers to sys_wrch.o(.text) for _ttywrch
    sys_wrch.o(.text) refers (Special) to use_no_semi.o(.text) for __I$use$semihosting
    sys_wrch.o(.text) refers (Special) to indicate_semi.o(.text) for __semihosting_library_function
    defsig.o(CL$$defsig) refers to defsig_rtmem_inner.o(.text) for __rt_SIGRTMEM_inner
    defsig_abrt_inner.o(.text) refers to defsig_general.o(.text) for __default_signal_display
    defsig_fpe_inner.o(.text) refers to defsig_general.o(.text) for __default_signal_display
    defsig_rtred_inner.o(.text) refers to defsig_general.o(.text) for __default_signal_display
    defsig_stak_inner.o(.text) refers to defsig_general.o(.text) for __default_signal_display
    defsig_pvfn_inner.o(.text) refers to defsig_general.o(.text) for __default_signal_display
    defsig_cppl_inner.o(.text) refers to defsig_general.o(.text) for __default_signal_display
    defsig_segv_inner.o(.text) refers to defsig_general.o(.text) for __default_signal_display
    defsig_other.o(.text) refers to defsig_general.o(.text) for __default_signal_display


==============================================================================

Removing Unused input sections from the image.

    Removing system_stm32f10x.o(.rev16_text), (4 bytes).
    Removing system_stm32f10x.o(.revsh_text), (4 bytes).
    Removing cortexm3_macro_rvds.o(.text), (110 bytes).
    Removing misc.o(.rev16_text), (4 bytes).
    Removing misc.o(.revsh_text), (4 bytes).
    Removing stm32f10x_exti.o(.rev16_text), (4 bytes).
    Removing stm32f10x_exti.o(.revsh_text), (4 bytes).
    Removing stm32f10x_gpio.o(.rev16_text), (4 bytes).
    Removing stm32f10x_gpio.o(.revsh_text), (4 bytes).
    Removing stm32f10x_rcc.o(.rev16_text), (4 bytes).
    Removing stm32f10x_rcc.o(.revsh_text), (4 bytes).
    Removing stm32f10x_it.o(.rev16_text), (4 bytes).
    Removing stm32f10x_it.o(.revsh_text), (4 bytes).
    Removing stm32f10x_adc.o(.rev16_text), (4 bytes).
    Removing stm32f10x_adc.o(.revsh_text), (4 bytes).
    Removing stm32f10x_adc.o(.text), (1102 bytes).
    Removing stm32f10x_bkp.o(.rev16_text), (4 bytes).
    Removing stm32f10x_bkp.o(.revsh_text), (4 bytes).
    Removing stm32f10x_bkp.o(.text), (196 bytes).
    Removing stm32f10x_can.o(.rev16_text), (4 bytes).
    Removing stm32f10x_can.o(.revsh_text), (4 bytes).
    Removing stm32f10x_can.o(.text), (2544 bytes).
    Removing stm32f10x_cec.o(.rev16_text), (4 bytes).
    Removing stm32f10x_cec.o(.revsh_text), (4 bytes).
    Removing stm32f10x_cec.o(.text), (288 bytes).
    Removing stm32f10x_crc.o(.rev16_text), (4 bytes).
    Removing stm32f10x_crc.o(.revsh_text), (4 bytes).
    Removing stm32f10x_crc.o(.text), (72 bytes).
    Removing stm32f10x_dac.o(.rev16_text), (4 bytes).
    Removing stm32f10x_dac.o(.revsh_text), (4 bytes).
    Removing stm32f10x_dac.o(.text), (528 bytes).
    Removing stm32f10x_dbgmcu.o(.rev16_text), (4 bytes).
    Removing stm32f10x_dbgmcu.o(.revsh_text), (4 bytes).
    Removing stm32f10x_dbgmcu.o(.text), (48 bytes).
    Removing stm32f10x_dma.o(.rev16_text), (4 bytes).
    Removing stm32f10x_dma.o(.revsh_text), (4 bytes).
    Removing stm32f10x_dma.o(.text), (596 bytes).
    Removing stm32f10x_flash.o(.rev16_text), (4 bytes).
    Removing stm32f10x_flash.o(.revsh_text), (4 bytes).
    Removing stm32f10x_flash.o(.text), (1468 bytes).
    Removing stm32f10x_fsmc.o(.rev16_text), (4 bytes).
    Removing stm32f10x_fsmc.o(.revsh_text), (4 bytes).
    Removing stm32f10x_fsmc.o(.text), (1548 bytes).
    Removing stm32f10x_i2c.o(.rev16_text), (4 bytes).
    Removing stm32f10x_i2c.o(.revsh_text), (4 bytes).
    Removing stm32f10x_i2c.o(.text), (1028 bytes).
    Removing stm32f10x_iwdg.o(.rev16_text), (4 bytes).
    Removing stm32f10x_iwdg.o(.revsh_text), (4 bytes).
    Removing stm32f10x_iwdg.o(.text), (64 bytes).
    Removing stm32f10x_pwr.o(.rev16_text), (4 bytes).
    Removing stm32f10x_pwr.o(.revsh_text), (4 bytes).
    Removing stm32f10x_pwr.o(.text), (204 bytes).
    Removing stm32f10x_rtc.o(.rev16_text), (4 bytes).
    Removing stm32f10x_rtc.o(.revsh_text), (4 bytes).
    Removing stm32f10x_rtc.o(.text), (328 bytes).
    Removing stm32f10x_sdio.o(.rev16_text), (4 bytes).
    Removing stm32f10x_sdio.o(.revsh_text), (4 bytes).
    Removing stm32f10x_sdio.o(.text), (468 bytes).
    Removing stm32f10x_spi.o(.rev16_text), (4 bytes).
    Removing stm32f10x_spi.o(.revsh_text), (4 bytes).
    Removing stm32f10x_spi.o(.text), (780 bytes).
    Removing stm32f10x_tim.o(.rev16_text), (4 bytes).
    Removing stm32f10x_tim.o(.revsh_text), (4 bytes).
    Removing stm32f10x_tim.o(.text), (3610 bytes).
    Removing stm32f10x_usart.o(.rev16_text), (4 bytes).
    Removing stm32f10x_usart.o(.revsh_text), (4 bytes).
    Removing stm32f10x_wwdg.o(.rev16_text), (4 bytes).
    Removing stm32f10x_wwdg.o(.revsh_text), (4 bytes).
    Removing stm32f10x_wwdg.o(.text), (136 bytes).
    Removing main.o(.rev16_text), (4 bytes).
    Removing main.o(.revsh_text), (4 bytes).
    Removing debug.o(.rev16_text), (4 bytes).
    Removing debug.o(.revsh_text), (4 bytes).
    Removing realtimer.o(.rev16_text), (4 bytes).
    Removing realtimer.o(.revsh_text), (4 bytes).
    Removing croutine.o(.text), (740 bytes).
    Removing croutine.o(.bss), (100 bytes).
    Removing croutine.o(.data), (28 bytes).
    Removing port.o(.rev16_text), (4 bytes).
    Removing port.o(.revsh_text), (4 bytes).
    Removing stm32vldiscovery.o(.rev16_text), (4 bytes).
    Removing stm32vldiscovery.o(.revsh_text), (4 bytes).

82 unused section(s) (total 16226 bytes) removed from the image.

==============================================================================

Image Symbol Table

    Local Symbols

    Symbol Name                              Value     Ov Type        Size  Object(Section)

    ../clib/angel/boardlib.s                 0x00000000   Number         0  boardshut.o ABSOLUTE
    ../clib/angel/boardlib.s                 0x00000000   Number         0  boardinit1.o ABSOLUTE
    ../clib/angel/boardlib.s                 0x00000000   Number         0  boardinit2.o ABSOLUTE
    ../clib/angel/boardlib.s                 0x00000000   Number         0  boardinit3.o ABSOLUTE
    ../clib/angel/handlers.s                 0x00000000   Number         0  __scatter_zi.o ABSOLUTE
    ../clib/angel/handlers.s                 0x00000000   Number         0  __scatter_copy.o ABSOLUTE
    ../clib/angel/kernel.s                   0x00000000   Number         0  rtentry.o ABSOLUTE
    ../clib/angel/kernel.s                   0x00000000   Number         0  rtexit2.o ABSOLUTE
    ../clib/angel/kernel.s                   0x00000000   Number         0  rtexit.o ABSOLUTE
    ../clib/angel/kernel.s                   0x00000000   Number         0  rtentry2.o ABSOLUTE
    ../clib/angel/kernel.s                   0x00000000   Number         0  rtentry4.o ABSOLUTE
    ../clib/angel/rt.s                       0x00000000   Number         0  rt_raise.o ABSOLUTE
    ../clib/angel/scatter.s                  0x00000000   Number         0  __scatter.o ABSOLUTE
    ../clib/angel/startup.s                  0x00000000   Number         0  __main.o ABSOLUTE
    ../clib/angel/sys.s                      0x00000000   Number         0  libspace.o ABSOLUTE
    ../clib/angel/sys.s                      0x00000000   Number         0  sys_stackheap_outer.o ABSOLUTE
    ../clib/angel/sys.s                      0x00000000   Number         0  indicate_semi.o ABSOLUTE
    ../clib/angel/sys.s                      0x00000000   Number         0  use_no_semi.o ABSOLUTE
    ../clib/angel/sysapp.c                   0x00000000   Number         0  sys_exit.o ABSOLUTE
    ../clib/angel/sysapp.c                   0x00000000   Number         0  sys_command.o ABSOLUTE
    ../clib/angel/sysapp.c                   0x00000000   Number         0  sys_wrch.o ABSOLUTE
    ../clib/armsys.c                         0x00000000   Number         0  argv_veneer.o ABSOLUTE
    ../clib/armsys.c                         0x00000000   Number         0  argv_veneer.o ABSOLUTE
    ../clib/armsys.c                         0x00000000   Number         0  no_argv.o ABSOLUTE
    ../clib/armsys.c                         0x00000000   Number         0  _get_argv_nomalloc.o ABSOLUTE
    ../clib/heapalloc.c                      0x00000000   Number         0  hrguard.o ABSOLUTE
    ../clib/heapaux.c                        0x00000000   Number         0  heapauxi.o ABSOLUTE
    ../clib/libinit.s                        0x00000000   Number         0  libshutdown2.o ABSOLUTE
    ../clib/libinit.s                        0x00000000   Number         0  libinit.o ABSOLUTE
    ../clib/libinit.s                        0x00000000   Number         0  libinit2.o ABSOLUTE
    ../clib/libinit.s                        0x00000000   Number         0  libshutdown.o ABSOLUTE
    ../clib/memcpset.s                       0x00000000   Number         0  aeabi_memset.o ABSOLUTE
    ../clib/memcpset.s                       0x00000000   Number         0  rt_memcpy_w.o ABSOLUTE
    ../clib/memcpset.s                       0x00000000   Number         0  rt_memclr.o ABSOLUTE
    ../clib/memcpset.s                       0x00000000   Number         0  rt_memclr_w.o ABSOLUTE
    ../clib/memcpset.s                       0x00000000   Number         0  strncpy.o ABSOLUTE
    ../clib/memcpset.s                       0x00000000   Number         0  rt_memcpy_v6.o ABSOLUTE
    ../clib/printf.c                         0x00000000   Number         0  __printf.o ABSOLUTE
    ../clib/printf.c                         0x00000000   Number         0  noretval__2printf.o ABSOLUTE
    ../clib/printf.c                         0x00000000   Number         0  __printf_flags_ss.o ABSOLUTE
    ../clib/printf.c                         0x00000000   Number         0  __2printf.o ABSOLUTE
    ../clib/printf.c                         0x00000000   Number         0  __printf_wp.o ABSOLUTE
    ../clib/printf.c                         0x00000000   Number         0  _printf_char_file.o ABSOLUTE
    ../clib/printf.c                         0x00000000   Number         0  __printf_flags_wp.o ABSOLUTE
    ../clib/printf.c                         0x00000000   Number         0  _printf_intcommon.o ABSOLUTE
    ../clib/printf.c                         0x00000000   Number         0  __printf_flags_ss_wp.o ABSOLUTE
    ../clib/printf.c                         0x00000000   Number         0  __printf_nopercent.o ABSOLUTE
    ../clib/printf.c                         0x00000000   Number         0  _printf_char_common.o ABSOLUTE
    ../clib/printf.c                         0x00000000   Number         0  _printf_dec.o ABSOLUTE
    ../clib/printf.c                         0x00000000   Number         0  __printf_ss_wp.o ABSOLUTE
    ../clib/printf.c                         0x00000000   Number         0  __printf_ss.o ABSOLUTE
    ../clib/printf.c                         0x00000000   Number         0  __printf_flags.o ABSOLUTE
    ../clib/printf_percent.s                 0x00000000   Number         0  _printf_percent_end.o ABSOLUTE
    ../clib/printf_percent.s                 0x00000000   Number         0  _printf_d.o ABSOLUTE
    ../clib/printf_percent.s                 0x00000000   Number         0  _printf_percent.o ABSOLUTE
    ../clib/signal.c                         0x00000000   Number         0  defsig_other.o ABSOLUTE
    ../clib/signal.c                         0x00000000   Number         0  defsig_rtmem_outer.o ABSOLUTE
    ../clib/signal.c                         0x00000000   Number         0  defsig_rtmem_inner.o ABSOLUTE
    ../clib/signal.c                         0x00000000   Number         0  defsig_rtmem_formal.o ABSOLUTE
    ../clib/signal.c                         0x00000000   Number         0  defsig_pvfn_inner.o ABSOLUTE
    ../clib/signal.c                         0x00000000   Number         0  __raise.o ABSOLUTE
    ../clib/signal.c                         0x00000000   Number         0  defsig_general.o ABSOLUTE
    ../clib/signal.c                         0x00000000   Number         0  defsig_abrt_inner.o ABSOLUTE
    ../clib/signal.c                         0x00000000   Number         0  defsig_stak_inner.o ABSOLUTE
    ../clib/signal.c                         0x00000000   Number         0  defsig_rtred_inner.o ABSOLUTE
    ../clib/signal.c                         0x00000000   Number         0  defsig_fpe_inner.o ABSOLUTE
    ../clib/signal.c                         0x00000000   Number         0  defsig_cppl_inner.o ABSOLUTE
    ../clib/signal.c                         0x00000000   Number         0  defsig_segv_inner.o ABSOLUTE
    ../clib/signal.c                         0x00000000   Number         0  defsig_exit.o ABSOLUTE
    ../clib/signal.s                         0x00000000   Number         0  defsig.o ABSOLUTE
    ../clib/stdlib.c                         0x00000000   Number         0  exit.o ABSOLUTE
    ../fplib/fpinit.s                        0x00000000   Number         0  fpinit.o ABSOLUTE
    ..\FreeRTOS_Source\croutine.c            0x00000000   Number         0  croutine.o ABSOLUTE
    ..\FreeRTOS_Source\list.c                0x00000000   Number         0  list.o ABSOLUTE
    ..\FreeRTOS_Source\portable\MemMang\heap_2.c 0x00000000   Number         0  heap_2.o ABSOLUTE
    ..\FreeRTOS_Source\portable\RVDS\ARM_CM0\port.c 0x00000000   Number         0  port.o ABSOLUTE
    ..\FreeRTOS_Source\queue.c               0x00000000   Number         0  queue.o ABSOLUTE
    ..\FreeRTOS_Source\tasks.c               0x00000000   Number         0  tasks.o ABSOLUTE
    ..\FreeRTOS_Source\timers.c              0x00000000   Number         0  timers.o ABSOLUTE
    ..\Libraries\CMSIS\CM3\DeviceSupport\ST\STM32F10x\startup\arm\startup_stm32f10x_md_vl.s 0x00000000   Number         0  startup_stm32f10x_md_vl.o ABSOLUTE
    ..\Libraries\STM32F10x_StdPeriph_Driver\src\cortexm3_macro_rvds.s 0x00000000   Number         0  cortexm3_macro_rvds.o ABSOLUTE
    ..\Libraries\STM32F10x_StdPeriph_Driver\src\misc.c 0x00000000   Number         0  misc.o ABSOLUTE
    ..\Libraries\STM32F10x_StdPeriph_Driver\src\stm32f10x_adc.c 0x00000000   Number         0  stm32f10x_adc.o ABSOLUTE
    ..\Libraries\STM32F10x_StdPeriph_Driver\src\stm32f10x_bkp.c 0x00000000   Number         0  stm32f10x_bkp.o ABSOLUTE
    ..\Libraries\STM32F10x_StdPeriph_Driver\src\stm32f10x_can.c 0x00000000   Number         0  stm32f10x_can.o ABSOLUTE
    ..\Libraries\STM32F10x_StdPeriph_Driver\src\stm32f10x_cec.c 0x00000000   Number         0  stm32f10x_cec.o ABSOLUTE
    ..\Libraries\STM32F10x_StdPeriph_Driver\src\stm32f10x_crc.c 0x00000000   Number         0  stm32f10x_crc.o ABSOLUTE
    ..\Libraries\STM32F10x_StdPeriph_Driver\src\stm32f10x_dac.c 0x00000000   Number         0  stm32f10x_dac.o ABSOLUTE
    ..\Libraries\STM32F10x_StdPeriph_Driver\src\stm32f10x_dbgmcu.c 0x00000000   Number         0  stm32f10x_dbgmcu.o ABSOLUTE
    ..\Libraries\STM32F10x_StdPeriph_Driver\src\stm32f10x_dma.c 0x00000000   Number         0  stm32f10x_dma.o ABSOLUTE
    ..\Libraries\STM32F10x_StdPeriph_Driver\src\stm32f10x_exti.c 0x00000000   Number         0  stm32f10x_exti.o ABSOLUTE
    ..\Libraries\STM32F10x_StdPeriph_Driver\src\stm32f10x_flash.c 0x00000000   Number         0  stm32f10x_flash.o ABSOLUTE
    ..\Libraries\STM32F10x_StdPeriph_Driver\src\stm32f10x_fsmc.c 0x00000000   Number         0  stm32f10x_fsmc.o ABSOLUTE
    ..\Libraries\STM32F10x_StdPeriph_Driver\src\stm32f10x_gpio.c 0x00000000   Number         0  stm32f10x_gpio.o ABSOLUTE
    ..\Libraries\STM32F10x_StdPeriph_Driver\src\stm32f10x_i2c.c 0x00000000   Number         0  stm32f10x_i2c.o ABSOLUTE
    ..\Libraries\STM32F10x_StdPeriph_Driver\src\stm32f10x_iwdg.c 0x00000000   Number         0  stm32f10x_iwdg.o ABSOLUTE
    ..\Libraries\STM32F10x_StdPeriph_Driver\src\stm32f10x_pwr.c 0x00000000   Number         0  stm32f10x_pwr.o ABSOLUTE
    ..\Libraries\STM32F10x_StdPeriph_Driver\src\stm32f10x_rcc.c 0x00000000   Number         0  stm32f10x_rcc.o ABSOLUTE
    ..\Libraries\STM32F10x_StdPeriph_Driver\src\stm32f10x_rtc.c 0x00000000   Number         0  stm32f10x_rtc.o ABSOLUTE
    ..\Libraries\STM32F10x_StdPeriph_Driver\src\stm32f10x_sdio.c 0x00000000   Number         0  stm32f10x_sdio.o ABSOLUTE
    ..\Libraries\STM32F10x_StdPeriph_Driver\src\stm32f10x_spi.c 0x00000000   Number         0  stm32f10x_spi.o ABSOLUTE
    ..\Libraries\STM32F10x_StdPeriph_Driver\src\stm32f10x_tim.c 0x00000000   Number         0  stm32f10x_tim.o ABSOLUTE
    ..\Libraries\STM32F10x_StdPeriph_Driver\src\stm32f10x_usart.c 0x00000000   Number         0  stm32f10x_usart.o ABSOLUTE
    ..\Libraries\STM32F10x_StdPeriph_Driver\src\stm32f10x_wwdg.c 0x00000000   Number         0  stm32f10x_wwdg.o ABSOLUTE
    ..\User\debug.c                          0x00000000   Number         0  debug.o ABSOLUTE
    ..\User\main.c                           0x00000000   Number         0  main.o ABSOLUTE
    ..\User\realtimer.c                      0x00000000   Number         0  realtimer.o ABSOLUTE
    ..\User\stm32f10x_it.c                   0x00000000   Number         0  stm32f10x_it.o ABSOLUTE
    ..\User\system_stm32f10x.c               0x00000000   Number         0  system_stm32f10x.o ABSOLUTE
    ..\Utilities\STM32_EVAL\STM32_Discovery\STM32vldiscovery.c 0x00000000   Number         0  stm32vldiscovery.o ABSOLUTE
    ..\\FreeRTOS_Source\\portable\\RVDS\\ARM_CM0\\port.c 0x00000000   Number         0  port.o ABSOLUTE
    ..\\Libraries\\STM32F10x_StdPeriph_Driver\\src\\misc.c 0x00000000   Number         0  misc.o ABSOLUTE
    ..\\Libraries\\STM32F10x_StdPeriph_Driver\\src\\stm32f10x_adc.c 0x00000000   Number         0  stm32f10x_adc.o ABSOLUTE
    ..\\Libraries\\STM32F10x_StdPeriph_Driver\\src\\stm32f10x_bkp.c 0x00000000   Number         0  stm32f10x_bkp.o ABSOLUTE
    ..\\Libraries\\STM32F10x_StdPeriph_Driver\\src\\stm32f10x_can.c 0x00000000   Number         0  stm32f10x_can.o ABSOLUTE
    ..\\Libraries\\STM32F10x_StdPeriph_Driver\\src\\stm32f10x_cec.c 0x00000000   Number         0  stm32f10x_cec.o ABSOLUTE
    ..\\Libraries\\STM32F10x_StdPeriph_Driver\\src\\stm32f10x_crc.c 0x00000000   Number         0  stm32f10x_crc.o ABSOLUTE
    ..\\Libraries\\STM32F10x_StdPeriph_Driver\\src\\stm32f10x_dac.c 0x00000000   Number         0  stm32f10x_dac.o ABSOLUTE
    ..\\Libraries\\STM32F10x_StdPeriph_Driver\\src\\stm32f10x_dbgmcu.c 0x00000000   Number         0  stm32f10x_dbgmcu.o ABSOLUTE
    ..\\Libraries\\STM32F10x_StdPeriph_Driver\\src\\stm32f10x_dma.c 0x00000000   Number         0  stm32f10x_dma.o ABSOLUTE
    ..\\Libraries\\STM32F10x_StdPeriph_Driver\\src\\stm32f10x_exti.c 0x00000000   Number         0  stm32f10x_exti.o ABSOLUTE
    ..\\Libraries\\STM32F10x_StdPeriph_Driver\\src\\stm32f10x_flash.c 0x00000000   Number         0  stm32f10x_flash.o ABSOLUTE
    ..\\Libraries\\STM32F10x_StdPeriph_Driver\\src\\stm32f10x_fsmc.c 0x00000000   Number         0  stm32f10x_fsmc.o ABSOLUTE
    ..\\Libraries\\STM32F10x_StdPeriph_Driver\\src\\stm32f10x_gpio.c 0x00000000   Number         0  stm32f10x_gpio.o ABSOLUTE
    ..\\Libraries\\STM32F10x_StdPeriph_Driver\\src\\stm32f10x_i2c.c 0x00000000   Number         0  stm32f10x_i2c.o ABSOLUTE
    ..\\Libraries\\STM32F10x_StdPeriph_Driver\\src\\stm32f10x_iwdg.c 0x00000000   Number         0  stm32f10x_iwdg.o ABSOLUTE
    ..\\Libraries\\STM32F10x_StdPeriph_Driver\\src\\stm32f10x_pwr.c 0x00000000   Number         0  stm32f10x_pwr.o ABSOLUTE
    ..\\Libraries\\STM32F10x_StdPeriph_Driver\\src\\stm32f10x_rcc.c 0x00000000   Number         0  stm32f10x_rcc.o ABSOLUTE
    ..\\Libraries\\STM32F10x_StdPeriph_Driver\\src\\stm32f10x_rtc.c 0x00000000   Number         0  stm32f10x_rtc.o ABSOLUTE
    ..\\Libraries\\STM32F10x_StdPeriph_Driver\\src\\stm32f10x_sdio.c 0x00000000   Number         0  stm32f10x_sdio.o ABSOLUTE
    ..\\Libraries\\STM32F10x_StdPeriph_Driver\\src\\stm32f10x_spi.c 0x00000000   Number         0  stm32f10x_spi.o ABSOLUTE
    ..\\Libraries\\STM32F10x_StdPeriph_Driver\\src\\stm32f10x_tim.c 0x00000000   Number         0  stm32f10x_tim.o ABSOLUTE
    ..\\Libraries\\STM32F10x_StdPeriph_Driver\\src\\stm32f10x_usart.c 0x00000000   Number         0  stm32f10x_usart.o ABSOLUTE
    ..\\Libraries\\STM32F10x_StdPeriph_Driver\\src\\stm32f10x_wwdg.c 0x00000000   Number         0  stm32f10x_wwdg.o ABSOLUTE
    ..\\User\\debug.c                        0x00000000   Number         0  debug.o ABSOLUTE
    ..\\User\\main.c                         0x00000000   Number         0  main.o ABSOLUTE
    ..\\User\\realtimer.c                    0x00000000   Number         0  realtimer.o ABSOLUTE
    ..\\User\\stm32f10x_it.c                 0x00000000   Number         0  stm32f10x_it.o ABSOLUTE
    ..\\User\\system_stm32f10x.c             0x00000000   Number         0  system_stm32f10x.o ABSOLUTE
    ..\\Utilities\\STM32_EVAL\\STM32_Discovery\\STM32vldiscovery.c 0x00000000   Number         0  stm32vldiscovery.o ABSOLUTE
    dc.s                                     0x00000000   Number         0  dc.o ABSOLUTE
    RESET                                    0x08000000   Section      288  startup_stm32f10x_md_vl.o(RESET)
    !!!main                                  0x08000120   Section        8  __main.o(!!!main)
    !!!scatter                               0x08000128   Section       52  __scatter.o(!!!scatter)
    !!handler_copy                           0x0800015c   Section       26  __scatter_copy.o(!!handler_copy)
    !!handler_zi                             0x08000178   Section       28  __scatter_zi.o(!!handler_zi)
    .ARM.Collect$$_printf_percent$$00000000  0x08000194   Section        0  _printf_percent.o(.ARM.Collect$$_printf_percent$$00000000)
    .ARM.Collect$$_printf_percent$$00000009  0x08000194   Section        6  _printf_d.o(.ARM.Collect$$_printf_percent$$00000009)
    .ARM.Collect$$_printf_percent$$00000017  0x0800019a   Section        4  _printf_percent_end.o(.ARM.Collect$$_printf_percent$$00000017)
    .ARM.Collect$$libinit$$00000000          0x0800019e   Section        2  libinit.o(.ARM.Collect$$libinit$$00000000)
    .ARM.Collect$$libinit$$00000002          0x080001a0   Section        0  libinit2.o(.ARM.Collect$$libinit$$00000002)
    .ARM.Collect$$libinit$$00000008          0x080001a0   Section        0  libinit2.o(.ARM.Collect$$libinit$$00000008)
    .ARM.Collect$$libinit$$0000000A          0x080001a0   Section        0  libinit2.o(.ARM.Collect$$libinit$$0000000A)
    .ARM.Collect$$libinit$$0000000C          0x080001a0   Section        0  libinit2.o(.ARM.Collect$$libinit$$0000000C)
    .ARM.Collect$$libinit$$0000000F          0x080001a0   Section        0  libinit2.o(.ARM.Collect$$libinit$$0000000F)
    .ARM.Collect$$libinit$$00000011          0x080001a0   Section        0  libinit2.o(.ARM.Collect$$libinit$$00000011)
    .ARM.Collect$$libinit$$00000013          0x080001a0   Section        0  libinit2.o(.ARM.Collect$$libinit$$00000013)
    .ARM.Collect$$libinit$$00000015          0x080001a0   Section        0  libinit2.o(.ARM.Collect$$libinit$$00000015)
    .ARM.Collect$$libinit$$00000017          0x080001a0   Section        0  libinit2.o(.ARM.Collect$$libinit$$00000017)
    .ARM.Collect$$libinit$$00000019          0x080001a0   Section        0  libinit2.o(.ARM.Collect$$libinit$$00000019)
    .ARM.Collect$$libinit$$0000001B          0x080001a0   Section        0  libinit2.o(.ARM.Collect$$libinit$$0000001B)
    .ARM.Collect$$libinit$$0000001D          0x080001a0   Section        0  libinit2.o(.ARM.Collect$$libinit$$0000001D)
    .ARM.Collect$$libinit$$0000001F          0x080001a0   Section        0  libinit2.o(.ARM.Collect$$libinit$$0000001F)
    .ARM.Collect$$libinit$$00000021          0x080001a0   Section        0  libinit2.o(.ARM.Collect$$libinit$$00000021)
    .ARM.Collect$$libinit$$00000023          0x080001a0   Section        0  libinit2.o(.ARM.Collect$$libinit$$00000023)
    .ARM.Collect$$libinit$$0000002A          0x080001a0   Section        0  libinit2.o(.ARM.Collect$$libinit$$0000002A)
    .ARM.Collect$$libinit$$0000002C          0x080001a0   Section        0  libinit2.o(.ARM.Collect$$libinit$$0000002C)
    .ARM.Collect$$libinit$$0000002E          0x080001a0   Section        0  libinit2.o(.ARM.Collect$$libinit$$0000002E)
    .ARM.Collect$$libinit$$00000030          0x080001a0   Section        0  libinit2.o(.ARM.Collect$$libinit$$00000030)
    .ARM.Collect$$libinit$$00000031          0x080001a0   Section        2  libinit2.o(.ARM.Collect$$libinit$$00000031)
    .ARM.Collect$$libshutdown$$00000000      0x080001a2   Section        2  libshutdown.o(.ARM.Collect$$libshutdown$$00000000)
    .ARM.Collect$$libshutdown$$00000003      0x080001a4   Section        0  libshutdown2.o(.ARM.Collect$$libshutdown$$00000003)
    .ARM.Collect$$libshutdown$$00000006      0x080001a4   Section        0  libshutdown2.o(.ARM.Collect$$libshutdown$$00000006)
    .ARM.Collect$$libshutdown$$00000009      0x080001a4   Section        0  libshutdown2.o(.ARM.Collect$$libshutdown$$00000009)
    .ARM.Collect$$libshutdown$$0000000B      0x080001a4   Section        0  libshutdown2.o(.ARM.Collect$$libshutdown$$0000000B)
    .ARM.Collect$$libshutdown$$0000000E      0x080001a4   Section        0  libshutdown2.o(.ARM.Collect$$libshutdown$$0000000E)
    .ARM.Collect$$libshutdown$$0000000F      0x080001a4   Section        2  libshutdown2.o(.ARM.Collect$$libshutdown$$0000000F)
    .ARM.Collect$$rtentry$$00000000          0x080001a6   Section        0  rtentry.o(.ARM.Collect$$rtentry$$00000000)
    .ARM.Collect$$rtentry$$00000002          0x080001a6   Section        0  rtentry2.o(.ARM.Collect$$rtentry$$00000002)
    .ARM.Collect$$rtentry$$00000004          0x080001a6   Section        6  rtentry4.o(.ARM.Collect$$rtentry$$00000004)
    .ARM.Collect$$rtentry$$00000009          0x080001ac   Section        0  rtentry2.o(.ARM.Collect$$rtentry$$00000009)
    .ARM.Collect$$rtentry$$0000000A          0x080001ac   Section        4  rtentry2.o(.ARM.Collect$$rtentry$$0000000A)
    .ARM.Collect$$rtentry$$0000000C          0x080001b0   Section        0  rtentry2.o(.ARM.Collect$$rtentry$$0000000C)
    .ARM.Collect$$rtentry$$0000000D          0x080001b0   Section        8  rtentry2.o(.ARM.Collect$$rtentry$$0000000D)
    .ARM.Collect$$rtexit$$00000000           0x080001b8   Section        2  rtexit.o(.ARM.Collect$$rtexit$$00000000)
    .ARM.Collect$$rtexit$$00000002           0x080001ba   Section        0  rtexit2.o(.ARM.Collect$$rtexit$$00000002)
    .ARM.Collect$$rtexit$$00000003           0x080001ba   Section        4  rtexit2.o(.ARM.Collect$$rtexit$$00000003)
    .ARM.Collect$$rtexit$$00000004           0x080001be   Section        6  rtexit2.o(.ARM.Collect$$rtexit$$00000004)
    .emb_text                                0x080001c4   Section      132  port.o(.emb_text)
    .text                                    0x08000248   Section        0  system_stm32f10x.o(.text)
    SetSysClockTo24                          0x08000249   Thumb Code   178  system_stm32f10x.o(.text)
    SetSysClock                              0x080002fb   Thumb Code     8  system_stm32f10x.o(.text)
    .text                                    0x08000400   Section        0  misc.o(.text)
    .text                                    0x080004dc   Section        0  stm32f10x_exti.o(.text)
    .text                                    0x080005f8   Section        0  stm32f10x_gpio.o(.text)
    .text                                    0x08000954   Section        0  stm32f10x_rcc.o(.text)
    .text                                    0x08000d18   Section        0  stm32f10x_it.o(.text)
    .text                                    0x08000d2c   Section       64  startup_stm32f10x_md_vl.o(.text)
    .text                                    0x08000d6c   Section        0  stm32f10x_usart.o(.text)
    .text                                    0x08001174   Section        0  main.o(.text)
    buttonTask                               0x08001175   Thumb Code    32  main.o(.text)
    ledTask                                  0x08001195   Thumb Code    18  main.o(.text)
    ledTask2                                 0x080011a7   Thumb Code    18  main.o(.text)
    prvSetupHardware                         0x080011b9   Thumb Code   178  main.o(.text)
    .text                                    0x08001398   Section        0  debug.o(.text)
    .text                                    0x080013c4   Section        0  realtimer.o(.text)
    .text                                    0x08001444   Section        0  list.o(.text)
    .text                                    0x080014dc   Section        0  queue.o(.text)
    prvUnlockQueue                           0x080015ab   Thumb Code   126  queue.o(.text)
    prvIsQueueFull                           0x08001629   Thumb Code    30  queue.o(.text)
    prvCopyDataToQueue                       0x08001647   Thumb Code    88  queue.o(.text)
    prvIsQueueEmpty                          0x08001821   Thumb Code    26  queue.o(.text)
    prvCopyDataFromQueue                     0x0800183b   Thumb Code    42  queue.o(.text)
    .text                                    0x08001ad0   Section        0  tasks.o(.text)
    prvInitialiseTaskLists                   0x08001ad1   Thumb Code    64  tasks.o(.text)
    prvInitialiseTCBVariables                0x08001b11   Thumb Code    68  tasks.o(.text)
    prvAllocateTCBAndStack                   0x08001b55   Thumb Code    58  tasks.o(.text)
    prvAddCurrentTaskToDelayedList           0x08001ea5   Thumb Code   140  tasks.o(.text)
    prvCheckTasksWaitingTermination          0x0800220b   Thumb Code     2  tasks.o(.text)
    prvIdleTask                              0x0800220d   Thumb Code    24  tasks.o(.text)
    .text                                    0x080024a0   Section        0  timers.o(.text)
    prvInsertTimerInActiveList               0x080024a1   Thumb Code    80  timers.o(.text)
    prvSwitchTimerLists                      0x08002555   Thumb Code   138  timers.o(.text)
    prvSampleTimeNow                         0x080025df   Thumb Code    44  timers.o(.text)
    prvProcessReceivedCommands               0x0800260b   Thumb Code   196  timers.o(.text)
    prvProcessExpiredTimer                   0x080026cf   Thumb Code    82  timers.o(.text)
    prvProcessTimerOrBlockTask               0x08002721   Thumb Code    70  timers.o(.text)
    prvGetNextExpireTime                     0x08002767   Thumb Code    36  timers.o(.text)
    prvTimerTask                             0x0800278b   Thumb Code    26  timers.o(.text)
    prvCheckForValidListAndQueue             0x080027a5   Thumb Code    56  timers.o(.text)
    .text                                    0x080028ac   Section        0  heap_2.o(.text)
    prvHeapInit                              0x080028ad   Thumb Code    42  heap_2.o(.text)
    .text                                    0x080029dc   Section        0  port.o(.text)
    prvSetupTimerInterrupt                   0x080029f1   Thumb Code    20  port.o(.text)
    .text                                    0x08002a8c   Section        0  stm32vldiscovery.o(.text)
    .text                                    0x08002bc0   Section        0  noretval__2printf.o(.text)
    .text                                    0x08002bd8   Section        0  __printf.o(.text)
    .text                                    0x08002c40   Section        0  _printf_dec.o(.text)
    .text                                    0x08002cb4   Section      138  rt_memcpy_v6.o(.text)
    .text                                    0x08002d3e   Section       16  aeabi_memset.o(.text)
    .text                                    0x08002d4e   Section       86  strncpy.o(.text)
    .text                                    0x08002da4   Section        0  heapauxi.o(.text)
    .text                                    0x08002daa   Section        0  _printf_intcommon.o(.text)
    .text                                    0x08002e5c   Section        0  _printf_char_file.o(.text)
    .text                                    0x08002e80   Section      100  rt_memcpy_w.o(.text)
    .text                                    0x08002ee4   Section       68  rt_memclr.o(.text)
    .text                                    0x08002f28   Section        0  _printf_char_common.o(.text)
    _printf_input_char                       0x08002f29   Thumb Code    10  _printf_char_common.o(.text)
    .text                                    0x08002f58   Section       78  rt_memclr_w.o(.text)
    .text                                    0x08002fa6   Section       74  sys_stackheap_outer.o(.text)
    .text                                    0x08002ff0   Section        0  exit.o(.text)
    .text                                    0x08002ffc   Section        8  libspace.o(.text)
    .text                                    0x08003004   Section        0  sys_exit.o(.text)
    .text                                    0x08003010   Section        2  use_no_semi.o(.text)
    .text                                    0x08003012   Section        0  indicate_semi.o(.text)
    .constdata                               0x08003014   Section       28  stm32vldiscovery.o(.constdata)
    .data                                    0x20000000   Section       20  system_stm32f10x.o(.data)
    .data                                    0x20000014   Section       20  stm32f10x_rcc.o(.data)
    APBAHBPrescTable                         0x20000014   Data          16  stm32f10x_rcc.o(.data)
    ADCPrescTable                            0x20000024   Data           4  stm32f10x_rcc.o(.data)
    .data                                    0x20000028   Section        8  main.o(.data)
    xEventSemaphore                          0x20000028   Data           4  main.o(.data)
    ulCount                                  0x2000002c   Data           4  main.o(.data)
    .data                                    0x20000030   Section        4  debug.o(.data)
    .data                                    0x20000034   Section        8  realtimer.o(.data)
    .data                                    0x2000003c   Section       56  tasks.o(.data)
    pxDelayedTaskList                        0x20000040   Data           4  tasks.o(.data)
    pxOverflowDelayedTaskList                0x20000044   Data           4  tasks.o(.data)
    uxCurrentNumberOfTasks                   0x20000048   Data           4  tasks.o(.data)
    xTickCount                               0x2000004c   Data           4  tasks.o(.data)
    uxTopUsedPriority                        0x20000050   Data           4  tasks.o(.data)
    uxTopReadyPriority                       0x20000054   Data           4  tasks.o(.data)
    xSchedulerRunning                        0x20000058   Data           4  tasks.o(.data)
    uxSchedulerSuspended                     0x2000005c   Data           4  tasks.o(.data)
    uxMissedTicks                            0x20000060   Data           4  tasks.o(.data)
    xMissedYield                             0x20000064   Data           4  tasks.o(.data)
    xNumOfOverflows                          0x20000068   Data           4  tasks.o(.data)
    uxTaskNumber                             0x2000006c   Data           4  tasks.o(.data)
    xNextTaskUnblockTime                     0x20000070   Data           4  tasks.o(.data)
    .data                                    0x20000074   Section       16  timers.o(.data)
    pxCurrentTimerList                       0x20000074   Data           4  timers.o(.data)
    pxOverflowTimerList                      0x20000078   Data           4  timers.o(.data)
    xTimerQueue                              0x2000007c   Data           4  timers.o(.data)
    xLastTime                                0x20000080   Data           4  timers.o(.data)
    .data                                    0x20000084   Section       24  heap_2.o(.data)
    xStart                                   0x20000084   Data           8  heap_2.o(.data)
    xEnd                                     0x2000008c   Data           8  heap_2.o(.data)
    xFreeBytesRemaining                      0x20000094   Data           4  heap_2.o(.data)
    xHeapHasBeenInitialised                  0x20000098   Data           4  heap_2.o(.data)
    .data                                    0x2000009c   Section        4  port.o(.data)
    uxCriticalNesting                        0x2000009c   Data           4  port.o(.data)
    .data                                    0x200000a0   Section       12  stm32vldiscovery.o(.data)
    .bss                                     0x200000ac   Section      380  tasks.o(.bss)
    pxReadyTasksLists                        0x200000ac   Data         300  tasks.o(.bss)
    xDelayedTaskList1                        0x200001d8   Data          20  tasks.o(.bss)
    xDelayedTaskList2                        0x200001ec   Data          20  tasks.o(.bss)
    xPendingReadyList                        0x20000200   Data          20  tasks.o(.bss)
    xSuspendedTaskList                       0x20000214   Data          20  tasks.o(.bss)
    .bss                                     0x20000228   Section       40  timers.o(.bss)
    xActiveTimerList1                        0x20000228   Data          20  timers.o(.bss)
    xActiveTimerList2                        0x2000023c   Data          20  timers.o(.bss)
    .bss                                     0x20000250   Section     4096  heap_2.o(.bss)
    ucHeap                                   0x20000250   Data        4096  heap_2.o(.bss)
    .bss                                     0x20001250   Section       96  libspace.o(.bss)
    HEAP                                     0x200012b0   Section      512  startup_stm32f10x_md_vl.o(HEAP)
    Heap_Mem                                 0x200012b0   Data         512  startup_stm32f10x_md_vl.o(HEAP)
    STACK                                    0x200014b0   Section     1024  startup_stm32f10x_md_vl.o(STACK)
    Stack_Mem                                0x200014b0   Data        1024  startup_stm32f10x_md_vl.o(STACK)
    __initial_sp                             0x200018b0   Data           0  startup_stm32f10x_md_vl.o(STACK)

    Global Symbols

    Symbol Name                              Value     Ov Type        Size  Object(Section)

    BuildAttributes$$THM_ISAv4$P$D$K$B$S$PE$A:L22UL41UL21$X:L11$S22US41US21$IEEE1$IW$USESV6$~STKCKD$USESV7$~SHL$OSPACE$ROPI$EBA8$UX$STANDARDLIB$REQ8$PRES8$EABIv2 0x00000000   Number         0  anon$$obj.o ABSOLUTE
    __ARM_use_no_argv                        0x00000000   Number         0  main.o ABSOLUTE
    __ARM_exceptions_init                     - Undefined Weak Reference
    __alloca_initialize                       - Undefined Weak Reference
    __cpp_initialize__aeabi_                  - Undefined Weak Reference
    __cxa_finalize                            - Undefined Weak Reference
    __rt_locale                               - Undefined Weak Reference
    __sigvec_lookup                           - Undefined Weak Reference
    _atexit_init                              - Undefined Weak Reference
    _call_atexit_fns                          - Undefined Weak Reference
    _clock_init                               - Undefined Weak Reference
    _fp_trap_init                             - Undefined Weak Reference
    _fp_trap_shutdown                         - Undefined Weak Reference
    _get_lc_collate                           - Undefined Weak Reference
    _get_lc_ctype                             - Undefined Weak Reference
    _get_lc_monetary                          - Undefined Weak Reference
    _get_lc_numeric                           - Undefined Weak Reference
    _get_lc_time                              - Undefined Weak Reference
    _getenv_init                              - Undefined Weak Reference
    _handle_redirection                       - Undefined Weak Reference
    _init_alloc                               - Undefined Weak Reference
    _init_user_alloc                          - Undefined Weak Reference
    _initio                                   - Undefined Weak Reference
    _printf_post_padding                      - Undefined Weak Reference
    _printf_pre_padding                       - Undefined Weak Reference
    _printf_truncate_signed                   - Undefined Weak Reference
    _printf_truncate_unsigned                 - Undefined Weak Reference
    _rand_init                                - Undefined Weak Reference
    _signal_finish                            - Undefined Weak Reference
    _signal_init                              - Undefined Weak Reference
    _terminate_alloc                          - Undefined Weak Reference
    _terminate_user_alloc                     - Undefined Weak Reference
    _terminateio                              - Undefined Weak Reference
    __Vectors_Size                           0x00000120   Number         0  startup_stm32f10x_md_vl.o ABSOLUTE
    __Vectors                                0x08000000   Data           4  startup_stm32f10x_md_vl.o(RESET)
    __Vectors_End                            0x08000120   Data           0  startup_stm32f10x_md_vl.o(RESET)
    __main                                   0x08000121   Thumb Code     8  __main.o(!!!main)
    __scatterload                            0x08000129   Thumb Code     0  __scatter.o(!!!scatter)
    __scatterload_rt2                        0x08000129   Thumb Code    44  __scatter.o(!!!scatter)
    __scatterload_rt2_thumb_only             0x08000129   Thumb Code     0  __scatter.o(!!!scatter)
    __scatterload_null                       0x08000137   Thumb Code     0  __scatter.o(!!!scatter)
    __scatterload_copy                       0x0800015d   Thumb Code    26  __scatter_copy.o(!!handler_copy)
    __scatterload_zeroinit                   0x08000179   Thumb Code    28  __scatter_zi.o(!!handler_zi)
    _printf_d                                0x08000195   Thumb Code     0  _printf_d.o(.ARM.Collect$$_printf_percent$$00000009)
    _printf_percent                          0x08000195   Thumb Code     0  _printf_percent.o(.ARM.Collect$$_printf_percent$$00000000)
    _printf_percent_end                      0x0800019b   Thumb Code     0  _printf_percent_end.o(.ARM.Collect$$_printf_percent$$00000017)
    __rt_lib_init                            0x0800019f   Thumb Code     0  libinit.o(.ARM.Collect$$libinit$$00000000)
    __rt_lib_init_alloca_1                   0x080001a1   Thumb Code     0  libinit2.o(.ARM.Collect$$libinit$$0000002C)
    __rt_lib_init_argv_1                     0x080001a1   Thumb Code     0  libinit2.o(.ARM.Collect$$libinit$$0000002A)
    __rt_lib_init_atexit_1                   0x080001a1   Thumb Code     0  libinit2.o(.ARM.Collect$$libinit$$00000019)
    __rt_lib_init_clock_1                    0x080001a1   Thumb Code     0  libinit2.o(.ARM.Collect$$libinit$$0000001F)
    __rt_lib_init_cpp_1                      0x080001a1   Thumb Code     0  libinit2.o(.ARM.Collect$$libinit$$00000030)
    __rt_lib_init_exceptions_1               0x080001a1   Thumb Code     0  libinit2.o(.ARM.Collect$$libinit$$0000002E)
    __rt_lib_init_fp_1                       0x080001a1   Thumb Code     0  libinit2.o(.ARM.Collect$$libinit$$00000002)
    __rt_lib_init_fp_trap_1                  0x080001a1   Thumb Code     0  libinit2.o(.ARM.Collect$$libinit$$0000001D)
    __rt_lib_init_getenv_1                   0x080001a1   Thumb Code     0  libinit2.o(.ARM.Collect$$libinit$$00000021)
    __rt_lib_init_heap_1                     0x080001a1   Thumb Code     0  libinit2.o(.ARM.Collect$$libinit$$00000008)
    __rt_lib_init_lc_collate_1               0x080001a1   Thumb Code     0  libinit2.o(.ARM.Collect$$libinit$$0000000F)
    __rt_lib_init_lc_ctype_1                 0x080001a1   Thumb Code     0  libinit2.o(.ARM.Collect$$libinit$$00000011)
    __rt_lib_init_lc_monetary_1              0x080001a1   Thumb Code     0  libinit2.o(.ARM.Collect$$libinit$$00000013)
    __rt_lib_init_lc_numeric_1               0x080001a1   Thumb Code     0  libinit2.o(.ARM.Collect$$libinit$$00000015)
    __rt_lib_init_lc_time_1                  0x080001a1   Thumb Code     0  libinit2.o(.ARM.Collect$$libinit$$00000017)
    __rt_lib_init_rand_1                     0x080001a1   Thumb Code     0  libinit2.o(.ARM.Collect$$libinit$$0000000C)
    __rt_lib_init_return                     0x080001a1   Thumb Code     0  libinit2.o(.ARM.Collect$$libinit$$00000031)
    __rt_lib_init_signal_1                   0x080001a1   Thumb Code     0  libinit2.o(.ARM.Collect$$libinit$$0000001B)
    __rt_lib_init_stdio_1                    0x080001a1   Thumb Code     0  libinit2.o(.ARM.Collect$$libinit$$00000023)
    __rt_lib_init_user_alloc_1               0x080001a1   Thumb Code     0  libinit2.o(.ARM.Collect$$libinit$$0000000A)
    __rt_lib_shutdown                        0x080001a3   Thumb Code     0  libshutdown.o(.ARM.Collect$$libshutdown$$00000000)
    __rt_lib_shutdown_fp_trap_1              0x080001a5   Thumb Code     0  libshutdown2.o(.ARM.Collect$$libshutdown$$00000006)
    __rt_lib_shutdown_heap_1                 0x080001a5   Thumb Code     0  libshutdown2.o(.ARM.Collect$$libshutdown$$0000000E)
    __rt_lib_shutdown_return                 0x080001a5   Thumb Code     0  libshutdown2.o(.ARM.Collect$$libshutdown$$0000000F)
    __rt_lib_shutdown_signal_1               0x080001a5   Thumb Code     0  libshutdown2.o(.ARM.Collect$$libshutdown$$00000009)
    __rt_lib_shutdown_stdio_1                0x080001a5   Thumb Code     0  libshutdown2.o(.ARM.Collect$$libshutdown$$00000003)
    __rt_lib_shutdown_user_alloc_1           0x080001a5   Thumb Code     0  libshutdown2.o(.ARM.Collect$$libshutdown$$0000000B)
    __rt_entry                               0x080001a7   Thumb Code     0  rtentry.o(.ARM.Collect$$rtentry$$00000000)
    __rt_entry_presh_1                       0x080001a7   Thumb Code     0  rtentry2.o(.ARM.Collect$$rtentry$$00000002)
    __rt_entry_sh                            0x080001a7   Thumb Code     0  rtentry4.o(.ARM.Collect$$rtentry$$00000004)
    __rt_entry_li                            0x080001ad   Thumb Code     0  rtentry2.o(.ARM.Collect$$rtentry$$0000000A)
    __rt_entry_postsh_1                      0x080001ad   Thumb Code     0  rtentry2.o(.ARM.Collect$$rtentry$$00000009)
    __rt_entry_main                          0x080001b1   Thumb Code     0  rtentry2.o(.ARM.Collect$$rtentry$$0000000D)
    __rt_entry_postli_1                      0x080001b1   Thumb Code     0  rtentry2.o(.ARM.Collect$$rtentry$$0000000C)
    __rt_exit                                0x080001b9   Thumb Code     0  rtexit.o(.ARM.Collect$$rtexit$$00000000)
    __rt_exit_ls                             0x080001bb   Thumb Code     0  rtexit2.o(.ARM.Collect$$rtexit$$00000003)
    __rt_exit_prels_1                        0x080001bb   Thumb Code     0  rtexit2.o(.ARM.Collect$$rtexit$$00000002)
    __rt_exit_exit                           0x080001bf   Thumb Code     0  rtexit2.o(.ARM.Collect$$rtexit$$00000004)
    SVC_Handler                              0x080001c5   Thumb Code    36  port.o(.emb_text)
    vPortStartFirstTask                      0x080001ed   Thumb Code    14  port.o(.emb_text)
    PendSV_Handler                           0x080001fb   Thumb Code    66  port.o(.emb_text)
    vPortSetInterruptMask                    0x08000241   Thumb Code     4  port.o(.emb_text)
    vPortClearInterruptMask                  0x08000245   Thumb Code     4  port.o(.emb_text)
    SystemInit                               0x08000303   Thumb Code    82  system_stm32f10x.o(.text)
    SystemCoreClockUpdate                    0x08000355   Thumb Code   138  system_stm32f10x.o(.text)
    NVIC_PriorityGroupConfig                 0x08000401   Thumb Code    10  misc.o(.text)
    NVIC_Init                                0x0800040b   Thumb Code   100  misc.o(.text)
    NVIC_SetVectorTable                      0x0800046f   Thumb Code    14  misc.o(.text)
    NVIC_SystemLPConfig                      0x0800047d   Thumb Code    34  misc.o(.text)
    SysTick_CLKSourceConfig                  0x0800049f   Thumb Code    40  misc.o(.text)
    EXTI_DeInit                              0x080004dd   Thumb Code    28  stm32f10x_exti.o(.text)
    EXTI_Init                                0x080004f9   Thumb Code   142  stm32f10x_exti.o(.text)
    EXTI_StructInit                          0x08000587   Thumb Code    16  stm32f10x_exti.o(.text)
    EXTI_GenerateSWInterrupt                 0x08000597   Thumb Code    16  stm32f10x_exti.o(.text)
    EXTI_GetFlagStatus                       0x080005a7   Thumb Code    22  stm32f10x_exti.o(.text)
    EXTI_ClearFlag                           0x080005bd   Thumb Code     8  stm32f10x_exti.o(.text)
    EXTI_GetITStatus                         0x080005c5   Thumb Code    34  stm32f10x_exti.o(.text)
    EXTI_ClearITPendingBit                   0x080005e7   Thumb Code     8  stm32f10x_exti.o(.text)
    GPIO_DeInit                              0x080005f9   Thumb Code   172  stm32f10x_gpio.o(.text)
    GPIO_AFIODeInit                          0x080006a5   Thumb Code    20  stm32f10x_gpio.o(.text)
    GPIO_Init                                0x080006b9   Thumb Code   278  stm32f10x_gpio.o(.text)
    GPIO_StructInit                          0x080007cf   Thumb Code    16  stm32f10x_gpio.o(.text)
    GPIO_ReadInputDataBit                    0x080007df   Thumb Code    18  stm32f10x_gpio.o(.text)
    GPIO_ReadInputData                       0x080007f1   Thumb Code     8  stm32f10x_gpio.o(.text)
    GPIO_ReadOutputDataBit                   0x080007f9   Thumb Code    18  stm32f10x_gpio.o(.text)
    GPIO_ReadOutputData                      0x0800080b   Thumb Code     8  stm32f10x_gpio.o(.text)
    GPIO_SetBits                             0x08000813   Thumb Code     4  stm32f10x_gpio.o(.text)
    GPIO_ResetBits                           0x08000817   Thumb Code     4  stm32f10x_gpio.o(.text)
    GPIO_WriteBit                            0x0800081b   Thumb Code    10  stm32f10x_gpio.o(.text)
    GPIO_Write                               0x08000825   Thumb Code     4  stm32f10x_gpio.o(.text)
    GPIO_PinLockConfig                       0x08000829   Thumb Code    18  stm32f10x_gpio.o(.text)
    GPIO_EventOutputConfig                   0x0800083b   Thumb Code    26  stm32f10x_gpio.o(.text)
    GPIO_EventOutputCmd                      0x08000855   Thumb Code     6  stm32f10x_gpio.o(.text)
    GPIO_PinRemapConfig                      0x0800085b   Thumb Code   138  stm32f10x_gpio.o(.text)
    GPIO_EXTILineConfig                      0x080008e5   Thumb Code    66  stm32f10x_gpio.o(.text)
    GPIO_ETH_MediaInterfaceConfig            0x08000927   Thumb Code     8  stm32f10x_gpio.o(.text)
    RCC_DeInit                               0x08000955   Thumb Code    68  stm32f10x_rcc.o(.text)
    RCC_HSEConfig                            0x08000999   Thumb Code    70  stm32f10x_rcc.o(.text)
    RCC_GetFlagStatus                        0x080009df   Thumb Code    56  stm32f10x_rcc.o(.text)
    RCC_WaitForHSEStartUp                    0x08000a17   Thumb Code    56  stm32f10x_rcc.o(.text)
    RCC_AdjustHSICalibrationValue            0x08000a4f   Thumb Code    20  stm32f10x_rcc.o(.text)
    RCC_HSICmd                               0x08000a63   Thumb Code     6  stm32f10x_rcc.o(.text)
    RCC_PLLConfig                            0x08000a69   Thumb Code    24  stm32f10x_rcc.o(.text)
    RCC_PLLCmd                               0x08000a81   Thumb Code     6  stm32f10x_rcc.o(.text)
    RCC_PREDIV1Config                        0x08000a87   Thumb Code    24  stm32f10x_rcc.o(.text)
    RCC_SYSCLKConfig                         0x08000a9f   Thumb Code    18  stm32f10x_rcc.o(.text)
    RCC_GetSYSCLKSource                      0x08000ab1   Thumb Code    10  stm32f10x_rcc.o(.text)
    RCC_HCLKConfig                           0x08000abb   Thumb Code    18  stm32f10x_rcc.o(.text)
    RCC_PCLK1Config                          0x08000acd   Thumb Code    18  stm32f10x_rcc.o(.text)
    RCC_PCLK2Config                          0x08000adf   Thumb Code    20  stm32f10x_rcc.o(.text)
    RCC_ITConfig                             0x08000af3   Thumb Code    26  stm32f10x_rcc.o(.text)
    RCC_USBCLKConfig                         0x08000b0d   Thumb Code     8  stm32f10x_rcc.o(.text)
    RCC_ADCCLKConfig                         0x08000b15   Thumb Code    18  stm32f10x_rcc.o(.text)
    RCC_LSEConfig                            0x08000b27   Thumb Code    50  stm32f10x_rcc.o(.text)
    RCC_LSICmd                               0x08000b59   Thumb Code     6  stm32f10x_rcc.o(.text)
    RCC_RTCCLKConfig                         0x08000b5f   Thumb Code    12  stm32f10x_rcc.o(.text)
    RCC_RTCCLKCmd                            0x08000b6b   Thumb Code     8  stm32f10x_rcc.o(.text)
    RCC_GetClocksFreq                        0x08000b73   Thumb Code   190  stm32f10x_rcc.o(.text)
    RCC_AHBPeriphClockCmd                    0x08000c31   Thumb Code    26  stm32f10x_rcc.o(.text)
    RCC_APB2PeriphClockCmd                   0x08000c4b   Thumb Code    26  stm32f10x_rcc.o(.text)
    RCC_APB1PeriphClockCmd                   0x08000c65   Thumb Code    26  stm32f10x_rcc.o(.text)
    RCC_APB2PeriphResetCmd                   0x08000c7f   Thumb Code    26  stm32f10x_rcc.o(.text)
    RCC_APB1PeriphResetCmd                   0x08000c99   Thumb Code    26  stm32f10x_rcc.o(.text)
    RCC_BackupResetCmd                       0x08000cb3   Thumb Code     8  stm32f10x_rcc.o(.text)
    RCC_ClockSecuritySystemCmd               0x08000cbb   Thumb Code     6  stm32f10x_rcc.o(.text)
    RCC_MCOConfig                            0x08000cc1   Thumb Code     6  stm32f10x_rcc.o(.text)
    RCC_ClearFlag                            0x08000cc7   Thumb Code    14  stm32f10x_rcc.o(.text)
    RCC_GetITStatus                          0x08000cd5   Thumb Code    20  stm32f10x_rcc.o(.text)
    RCC_ClearITPendingBit                    0x08000ce9   Thumb Code     6  stm32f10x_rcc.o(.text)
    NMI_Handler                              0x08000d19   Thumb Code     2  stm32f10x_it.o(.text)
    HardFault_Handler                        0x08000d1b   Thumb Code     4  stm32f10x_it.o(.text)
    MemManage_Handler                        0x08000d1f   Thumb Code     4  stm32f10x_it.o(.text)
    BusFault_Handler                         0x08000d23   Thumb Code     4  stm32f10x_it.o(.text)
    UsageFault_Handler                       0x08000d27   Thumb Code     4  stm32f10x_it.o(.text)
    DebugMon_Handler                         0x08000d2b   Thumb Code     2  stm32f10x_it.o(.text)
    Reset_Handler                            0x08000d2d   Thumb Code     8  startup_stm32f10x_md_vl.o(.text)
    ADC1_IRQHandler                          0x08000d47   Thumb Code     0  startup_stm32f10x_md_vl.o(.text)
    CEC_IRQHandler                           0x08000d47   Thumb Code     0  startup_stm32f10x_md_vl.o(.text)
    DMA1_Channel1_IRQHandler                 0x08000d47   Thumb Code     0  startup_stm32f10x_md_vl.o(.text)
    DMA1_Channel2_IRQHandler                 0x08000d47   Thumb Code     0  startup_stm32f10x_md_vl.o(.text)
    DMA1_Channel3_IRQHandler                 0x08000d47   Thumb Code     0  startup_stm32f10x_md_vl.o(.text)
    DMA1_Channel4_IRQHandler                 0x08000d47   Thumb Code     0  startup_stm32f10x_md_vl.o(.text)
    DMA1_Channel5_IRQHandler                 0x08000d47   Thumb Code     0  startup_stm32f10x_md_vl.o(.text)
    DMA1_Channel6_IRQHandler                 0x08000d47   Thumb Code     0  startup_stm32f10x_md_vl.o(.text)
    DMA1_Channel7_IRQHandler                 0x08000d47   Thumb Code     0  startup_stm32f10x_md_vl.o(.text)
    EXTI0_IRQHandler                         0x08000d47   Thumb Code     0  startup_stm32f10x_md_vl.o(.text)
    EXTI15_10_IRQHandler                     0x08000d47   Thumb Code     0  startup_stm32f10x_md_vl.o(.text)
    EXTI1_IRQHandler                         0x08000d47   Thumb Code     0  startup_stm32f10x_md_vl.o(.text)
    EXTI2_IRQHandler                         0x08000d47   Thumb Code     0  startup_stm32f10x_md_vl.o(.text)
    EXTI3_IRQHandler                         0x08000d47   Thumb Code     0  startup_stm32f10x_md_vl.o(.text)
    EXTI4_IRQHandler                         0x08000d47   Thumb Code     0  startup_stm32f10x_md_vl.o(.text)
    EXTI9_5_IRQHandler                       0x08000d47   Thumb Code     0  startup_stm32f10x_md_vl.o(.text)
    FLASH_IRQHandler                         0x08000d47   Thumb Code     0  startup_stm32f10x_md_vl.o(.text)
    I2C1_ER_IRQHandler                       0x08000d47   Thumb Code     0  startup_stm32f10x_md_vl.o(.text)
    I2C1_EV_IRQHandler                       0x08000d47   Thumb Code     0  startup_stm32f10x_md_vl.o(.text)
    I2C2_ER_IRQHandler                       0x08000d47   Thumb Code     0  startup_stm32f10x_md_vl.o(.text)
    I2C2_EV_IRQHandler                       0x08000d47   Thumb Code     0  startup_stm32f10x_md_vl.o(.text)
    PVD_IRQHandler                           0x08000d47   Thumb Code     0  startup_stm32f10x_md_vl.o(.text)
    RCC_IRQHandler                           0x08000d47   Thumb Code     0  startup_stm32f10x_md_vl.o(.text)
    RTCAlarm_IRQHandler                      0x08000d47   Thumb Code     0  startup_stm32f10x_md_vl.o(.text)
    RTC_IRQHandler                           0x08000d47   Thumb Code     0  startup_stm32f10x_md_vl.o(.text)
    SPI1_IRQHandler                          0x08000d47   Thumb Code     0  startup_stm32f10x_md_vl.o(.text)
    SPI2_IRQHandler                          0x08000d47   Thumb Code     0  startup_stm32f10x_md_vl.o(.text)
    TAMPER_IRQHandler                        0x08000d47   Thumb Code     0  startup_stm32f10x_md_vl.o(.text)
    TIM1_BRK_TIM15_IRQHandler                0x08000d47   Thumb Code     0  startup_stm32f10x_md_vl.o(.text)
    TIM1_CC_IRQHandler                       0x08000d47   Thumb Code     0  startup_stm32f10x_md_vl.o(.text)
    TIM1_TRG_COM_TIM17_IRQHandler            0x08000d47   Thumb Code     0  startup_stm32f10x_md_vl.o(.text)
    TIM1_UP_TIM16_IRQHandler                 0x08000d47   Thumb Code     0  startup_stm32f10x_md_vl.o(.text)
    TIM2_IRQHandler                          0x08000d47   Thumb Code     0  startup_stm32f10x_md_vl.o(.text)
    TIM3_IRQHandler                          0x08000d47   Thumb Code     0  startup_stm32f10x_md_vl.o(.text)
    TIM4_IRQHandler                          0x08000d47   Thumb Code     0  startup_stm32f10x_md_vl.o(.text)
    TIM6_DAC_IRQHandler                      0x08000d47   Thumb Code     0  startup_stm32f10x_md_vl.o(.text)
    TIM7_IRQHandler                          0x08000d47   Thumb Code     0  startup_stm32f10x_md_vl.o(.text)
    USART1_IRQHandler                        0x08000d47   Thumb Code     0  startup_stm32f10x_md_vl.o(.text)
    USART2_IRQHandler                        0x08000d47   Thumb Code     0  startup_stm32f10x_md_vl.o(.text)
    USART3_IRQHandler                        0x08000d47   Thumb Code     0  startup_stm32f10x_md_vl.o(.text)
    WWDG_IRQHandler                          0x08000d47   Thumb Code     0  startup_stm32f10x_md_vl.o(.text)
    __user_initial_stackheap                 0x08000d49   Thumb Code     0  startup_stm32f10x_md_vl.o(.text)
    USART_DeInit                             0x08000d6d   Thumb Code   134  stm32f10x_usart.o(.text)
    USART_Init                               0x08000df3   Thumb Code   210  stm32f10x_usart.o(.text)
    USART_StructInit                         0x08000ec5   Thumb Code    24  stm32f10x_usart.o(.text)
    USART_ClockInit                          0x08000edd   Thumb Code    34  stm32f10x_usart.o(.text)
    USART_ClockStructInit                    0x08000eff   Thumb Code    12  stm32f10x_usart.o(.text)
    USART_Cmd                                0x08000f0b   Thumb Code    24  stm32f10x_usart.o(.text)
    USART_ITConfig                           0x08000f23   Thumb Code    74  stm32f10x_usart.o(.text)
    USART_DMACmd                             0x08000f6d   Thumb Code    18  stm32f10x_usart.o(.text)
    USART_SetAddress                         0x08000f7f   Thumb Code    18  stm32f10x_usart.o(.text)
    USART_WakeUpConfig                       0x08000f91   Thumb Code    18  stm32f10x_usart.o(.text)
    USART_ReceiverWakeUpCmd                  0x08000fa3   Thumb Code    24  stm32f10x_usart.o(.text)
    USART_LINBreakDetectLengthConfig         0x08000fbb   Thumb Code    18  stm32f10x_usart.o(.text)
    USART_LINCmd                             0x08000fcd   Thumb Code    24  stm32f10x_usart.o(.text)
    USART_SendData                           0x08000fe5   Thumb Code     8  stm32f10x_usart.o(.text)
    USART_ReceiveData                        0x08000fed   Thumb Code    10  stm32f10x_usart.o(.text)
    USART_SendBreak                          0x08000ff7   Thumb Code    10  stm32f10x_usart.o(.text)
    USART_SetGuardTime                       0x08001001   Thumb Code    16  stm32f10x_usart.o(.text)
    USART_SetPrescaler                       0x08001011   Thumb Code    16  stm32f10x_usart.o(.text)
    USART_SmartCardCmd                       0x08001021   Thumb Code    24  stm32f10x_usart.o(.text)
    USART_SmartCardNACKCmd                   0x08001039   Thumb Code    24  stm32f10x_usart.o(.text)
    USART_HalfDuplexCmd                      0x08001051   Thumb Code    24  stm32f10x_usart.o(.text)
    USART_OverSampling8Cmd                   0x08001069   Thumb Code    22  stm32f10x_usart.o(.text)
    USART_OneBitMethodCmd                    0x0800107f   Thumb Code    24  stm32f10x_usart.o(.text)
    USART_IrDAConfig                         0x08001097   Thumb Code    18  stm32f10x_usart.o(.text)
    USART_IrDACmd                            0x080010a9   Thumb Code    24  stm32f10x_usart.o(.text)
    USART_GetFlagStatus                      0x080010c1   Thumb Code    26  stm32f10x_usart.o(.text)
    USART_ClearFlag                          0x080010db   Thumb Code    18  stm32f10x_usart.o(.text)
    USART_GetITStatus                        0x080010ed   Thumb Code    84  stm32f10x_usart.o(.text)
    USART_ClearITPendingBit                  0x08001141   Thumb Code    52  stm32f10x_usart.o(.text)
    main                                     0x0800126b   Thumb Code   152  main.o(.text)
    vApplicationTickHook                     0x08001303   Thumb Code    48  main.o(.text)
    vApplicationMallocFailedHook             0x08001333   Thumb Code     4  main.o(.text)
    vApplicationStackOverflowHook            0x08001337   Thumb Code     4  main.o(.text)
    vApplicationIdleHook                     0x0800133b   Thumb Code    12  main.o(.text)
    fputc                                    0x08001399   Thumb Code    32  debug.o(.text)
    ferror                                   0x080013b9   Thumb Code     6  debug.o(.text)
    printTime                                0x080013c5   Thumb Code    18  realtimer.o(.text)
    timerTask                                0x080013d7   Thumb Code    80  realtimer.o(.text)
    vListInitialise                          0x08001445   Thumb Code    26  list.o(.text)
    vListInitialiseItem                      0x0800145f   Thumb Code     6  list.o(.text)
    vListInsertEnd                           0x08001465   Thumb Code    28  list.o(.text)
    vListInsert                              0x08001481   Thumb Code    52  list.o(.text)
    uxListRemove                             0x080014b5   Thumb Code    40  list.o(.text)
    xQueueGenericReset                       0x080014dd   Thumb Code   120  queue.o(.text)
    xQueueGenericCreate                      0x08001555   Thumb Code    86  queue.o(.text)
    xQueueGenericSend                        0x0800169f   Thumb Code   252  queue.o(.text)
    xQueueGenericSendFromISR                 0x0800179b   Thumb Code   134  queue.o(.text)
    xQueueGenericReceive                     0x08001865   Thumb Code   290  queue.o(.text)
    xQueueReceiveFromISR                     0x08001987   Thumb Code   132  queue.o(.text)
    uxQueueMessagesWaiting                   0x08001a0b   Thumb Code    28  queue.o(.text)
    uxQueueMessagesWaitingFromISR            0x08001a27   Thumb Code    20  queue.o(.text)
    vQueueDelete                             0x08001a3b   Thumb Code    30  queue.o(.text)
    xQueueIsQueueEmptyFromISR                0x08001a59   Thumb Code    28  queue.o(.text)
    xQueueIsQueueFullFromISR                 0x08001a75   Thumb Code    32  queue.o(.text)
    vQueueWaitForMessageRestricted           0x08001a95   Thumb Code    58  queue.o(.text)
    xTaskGenericCreate                       0x08001b8f   Thumb Code   320  tasks.o(.text)
    vTaskIncrementTick                       0x08001ccf   Thumb Code   268  tasks.o(.text)
    xTaskResumeAll                           0x08001ddb   Thumb Code   202  tasks.o(.text)
    vTaskSuspendAll                          0x08001f31   Thumb Code    12  tasks.o(.text)
    vTaskDelayUntil                          0x08001f3d   Thumb Code   136  tasks.o(.text)
    vTaskDelay                               0x08001fc5   Thumb Code    48  tasks.o(.text)
    vTaskSwitchContext                       0x08001ff5   Thumb Code   136  tasks.o(.text)
    vTaskSuspend                             0x0800207d   Thumb Code   100  tasks.o(.text)
    xTaskIsTaskSuspended                     0x080020e1   Thumb Code    72  tasks.o(.text)
    vTaskResume                              0x08002129   Thumb Code   102  tasks.o(.text)
    xTaskResumeFromISR                       0x0800218f   Thumb Code   124  tasks.o(.text)
    vTaskStartScheduler                      0x08002225   Thumb Code    74  tasks.o(.text)
    vTaskEndScheduler                        0x0800226f   Thumb Code    18  tasks.o(.text)
    xTaskGetTickCount                        0x08002281   Thumb Code    18  tasks.o(.text)
    xTaskGetTickCountFromISR                 0x08002293   Thumb Code    20  tasks.o(.text)
    uxTaskGetNumberOfTasks                   0x080022a7   Thumb Code     6  tasks.o(.text)
    vTaskPlaceOnEventList                    0x080022ad   Thumb Code   132  tasks.o(.text)
    vTaskPlaceOnEventListRestricted          0x08002331   Thumb Code    52  tasks.o(.text)
    xTaskRemoveFromEventList                 0x08002365   Thumb Code   106  tasks.o(.text)
    vTaskSetTimeOutState                     0x080023cf   Thumb Code    28  tasks.o(.text)
    xTaskCheckForTimeOut                     0x080023eb   Thumb Code   112  tasks.o(.text)
    vTaskMissedYield                         0x0800245b   Thumb Code     8  tasks.o(.text)
    xTaskGetSchedulerState                   0x08002463   Thumb Code    24  tasks.o(.text)
    xTimerGenericCommand                     0x080024f1   Thumb Code   100  timers.o(.text)
    xTimerCreateTimerTask                    0x080027dd   Thumb Code    56  timers.o(.text)
    xTimerCreate                             0x08002815   Thumb Code    78  timers.o(.text)
    xTimerIsTimerActive                      0x08002863   Thumb Code    30  timers.o(.text)
    pvTimerGetTimerID                        0x08002881   Thumb Code     8  timers.o(.text)
    pvPortMalloc                             0x080028d7   Thumb Code   176  heap_2.o(.text)
    vPortFree                                0x08002987   Thumb Code    56  heap_2.o(.text)
    xPortGetFreeHeapSize                     0x080029bf   Thumb Code     6  heap_2.o(.text)
    vPortInitialiseBlocks                    0x080029c5   Thumb Code     2  heap_2.o(.text)
    pxPortInitialiseStack                    0x080029dd   Thumb Code    20  port.o(.text)
    xPortStartScheduler                      0x08002a05   Thumb Code    42  port.o(.text)
    vPortEndScheduler                        0x08002a2f   Thumb Code     2  port.o(.text)
    vPortYieldFromISR                        0x08002a31   Thumb Code    12  port.o(.text)
    vPortEnterCritical                       0x08002a3d   Thumb Code    18  port.o(.text)
    vPortExitCritical                        0x08002a4f   Thumb Code    24  port.o(.text)
    SysTick_Handler                          0x08002a67   Thumb Code    28  port.o(.text)
    STM32vldiscovery_LEDInit                 0x08002a8d   Thumb Code    52  stm32vldiscovery.o(.text)
    STM32vldiscovery_LEDOn                   0x08002ac1   Thumb Code    16  stm32vldiscovery.o(.text)
    STM32vldiscovery_LEDOff                  0x08002ad1   Thumb Code    16  stm32vldiscovery.o(.text)
    STM32vldiscovery_LEDToggle               0x08002ae1   Thumb Code    26  stm32vldiscovery.o(.text)
    STM32vldiscovery_PBInit                  0x08002afb   Thumb Code   136  stm32vldiscovery.o(.text)
    STM32vldiscovery_PBGetState              0x08002b83   Thumb Code    22  stm32vldiscovery.o(.text)
    __2printf                                0x08002bc1   Thumb Code    20  noretval__2printf.o(.text)
    __printf                                 0x08002bd9   Thumb Code   104  __printf.o(.text)
    _printf_int_dec                          0x08002c41   Thumb Code   100  _printf_dec.o(.text)
    __aeabi_memcpy                           0x08002cb5   Thumb Code     0  rt_memcpy_v6.o(.text)
    __rt_memcpy                              0x08002cb5   Thumb Code   138  rt_memcpy_v6.o(.text)
    _memcpy_lastbytes                        0x08002d1b   Thumb Code     0  rt_memcpy_v6.o(.text)
    __aeabi_memset                           0x08002d3f   Thumb Code    16  aeabi_memset.o(.text)
    strncpy                                  0x08002d4f   Thumb Code    86  strncpy.o(.text)
    __use_two_region_memory                  0x08002da5   Thumb Code     2  heapauxi.o(.text)
    __rt_heap_escrow$2region                 0x08002da7   Thumb Code     2  heapauxi.o(.text)
    __rt_heap_expand$2region                 0x08002da9   Thumb Code     2  heapauxi.o(.text)
    _printf_int_common                       0x08002dab   Thumb Code   178  _printf_intcommon.o(.text)
    _printf_char_file                        0x08002e5d   Thumb Code    32  _printf_char_file.o(.text)
    __aeabi_memcpy4                          0x08002e81   Thumb Code     0  rt_memcpy_w.o(.text)
    __aeabi_memcpy8                          0x08002e81   Thumb Code     0  rt_memcpy_w.o(.text)
    __rt_memcpy_w                            0x08002e81   Thumb Code   100  rt_memcpy_w.o(.text)
    _memcpy_lastbytes_aligned                0x08002ec9   Thumb Code     0  rt_memcpy_w.o(.text)
    __aeabi_memclr                           0x08002ee5   Thumb Code     0  rt_memclr.o(.text)
    __rt_memclr                              0x08002ee5   Thumb Code    68  rt_memclr.o(.text)
    _memset                                  0x08002ee9   Thumb Code     0  rt_memclr.o(.text)
    _printf_char_common                      0x08002f33   Thumb Code    32  _printf_char_common.o(.text)
    __aeabi_memclr4                          0x08002f59   Thumb Code     0  rt_memclr_w.o(.text)
    __aeabi_memclr8                          0x08002f59   Thumb Code     0  rt_memclr_w.o(.text)
    __rt_memclr_w                            0x08002f59   Thumb Code    78  rt_memclr_w.o(.text)
    _memset_w                                0x08002f5d   Thumb Code     0  rt_memclr_w.o(.text)
    __user_setup_stackheap                   0x08002fa7   Thumb Code    74  sys_stackheap_outer.o(.text)
    exit                                     0x08002ff1   Thumb Code    12  exit.o(.text)
    __user_libspace                          0x08002ffd   Thumb Code     8  libspace.o(.text)
    __user_perproc_libspace                  0x08002ffd   Thumb Code     0  libspace.o(.text)
    __user_perthread_libspace                0x08002ffd   Thumb Code     0  libspace.o(.text)
    _sys_exit                                0x08003005   Thumb Code     8  sys_exit.o(.text)
    __I$use$semihosting                      0x08003011   Thumb Code     0  use_no_semi.o(.text)
    __use_no_semihosting_swi                 0x08003011   Thumb Code     2  use_no_semi.o(.text)
    __semihosting_library_function           0x08003013   Thumb Code     0  indicate_semi.o(.text)
    GPIO_PIN                                 0x08003014   Data           4  stm32vldiscovery.o(.constdata)
    GPIO_CLK                                 0x08003018   Data           8  stm32vldiscovery.o(.constdata)
    BUTTON_PIN_SOURCE                        0x08003020   Data           2  stm32vldiscovery.o(.constdata)
    BUTTON_PORT_SOURCE                       0x08003022   Data           2  stm32vldiscovery.o(.constdata)
    BUTTON_PIN                               0x08003024   Data           2  stm32vldiscovery.o(.constdata)
    BUTTON_CLK                               0x08003028   Data           4  stm32vldiscovery.o(.constdata)
    BUTTON_EXTI_LINE                         0x0800302c   Data           2  stm32vldiscovery.o(.constdata)
    BUTTON_IRQn                              0x0800302e   Data           2  stm32vldiscovery.o(.constdata)
    Region$$Table$$Base                      0x08003030   Number         0  anon$$obj.o(Region$$Table)
    Region$$Table$$Limit                     0x08003050   Number         0  anon$$obj.o(Region$$Table)
    SystemCoreClock                          0x20000000   Data           4  system_stm32f10x.o(.data)
    AHBPrescTable                            0x20000004   Data          16  system_stm32f10x.o(.data)
    __stdout                                 0x20000030   Data           4  debug.o(.data)
    mytime                                   0x20000034   Data           8  realtimer.o(.data)
    pxCurrentTCB                             0x2000003c   Data           4  tasks.o(.data)
    GPIO_PORT                                0x200000a0   Data           8  stm32vldiscovery.o(.data)
    BUTTON_PORT                              0x200000a8   Data           4  stm32vldiscovery.o(.data)
    __libspace_start                         0x20001250   Data          96  libspace.o(.bss)
    __temporary_stack_top$libspace           0x200012b0   Data           0  libspace.o(.bss)



==============================================================================

Memory Map of the image

  Image Entry point : 0x08000121

  Load Region LR_IROM1 (Base: 0x08000000, Size: 0x000030fc, Max: 0x00020000, ABSOLUTE)

    Execution Region ER_IROM1 (Base: 0x08000000, Size: 0x00003050, Max: 0x00020000, ABSOLUTE)

    Base Addr    Size         Type   Attr      Idx    E Section Name        Object

    0x08000000   0x00000120   Data   RO          175    RESET               startup_stm32f10x_md_vl.o
    0x08000120   0x00000008   Code   RO          965  * !!!main             c_w.l(__main.o)
    0x08000128   0x00000034   Code   RO         1134    !!!scatter          c_w.l(__scatter.o)
    0x0800015c   0x0000001a   Code   RO         1136    !!handler_copy      c_w.l(__scatter_copy.o)
    0x08000176   0x00000002   PAD
    0x08000178   0x0000001c   Code   RO         1138    !!handler_zi        c_w.l(__scatter_zi.o)
    0x08000194   0x00000000   Code   RO          956    .ARM.Collect$$_printf_percent$$00000000  c_w.l(_printf_percent.o)
    0x08000194   0x00000006   Code   RO          955    .ARM.Collect$$_printf_percent$$00000009  c_w.l(_printf_d.o)
    0x0800019a   0x00000004   Code   RO          972    .ARM.Collect$$_printf_percent$$00000017  c_w.l(_printf_percent_end.o)
    0x0800019e   0x00000002   Code   RO         1007    .ARM.Collect$$libinit$$00000000  c_w.l(libinit.o)
    0x080001a0   0x00000000   Code   RO         1014    .ARM.Collect$$libinit$$00000002  c_w.l(libinit2.o)
    0x080001a0   0x00000000   Code   RO         1017    .ARM.Collect$$libinit$$00000008  c_w.l(libinit2.o)
    0x080001a0   0x00000000   Code   RO         1019    .ARM.Collect$$libinit$$0000000A  c_w.l(libinit2.o)
    0x080001a0   0x00000000   Code   RO         1021    .ARM.Collect$$libinit$$0000000C  c_w.l(libinit2.o)
    0x080001a0   0x00000000   Code   RO         1024    .ARM.Collect$$libinit$$0000000F  c_w.l(libinit2.o)
    0x080001a0   0x00000000   Code   RO         1026    .ARM.Collect$$libinit$$00000011  c_w.l(libinit2.o)
    0x080001a0   0x00000000   Code   RO         1028    .ARM.Collect$$libinit$$00000013  c_w.l(libinit2.o)
    0x080001a0   0x00000000   Code   RO         1030    .ARM.Collect$$libinit$$00000015  c_w.l(libinit2.o)
    0x080001a0   0x00000000   Code   RO         1032    .ARM.Collect$$libinit$$00000017  c_w.l(libinit2.o)
    0x080001a0   0x00000000   Code   RO         1034    .ARM.Collect$$libinit$$00000019  c_w.l(libinit2.o)
    0x080001a0   0x00000000   Code   RO         1036    .ARM.Collect$$libinit$$0000001B  c_w.l(libinit2.o)
    0x080001a0   0x00000000   Code   RO         1038    .ARM.Collect$$libinit$$0000001D  c_w.l(libinit2.o)
    0x080001a0   0x00000000   Code   RO         1040    .ARM.Collect$$libinit$$0000001F  c_w.l(libinit2.o)
    0x080001a0   0x00000000   Code   RO         1042    .ARM.Collect$$libinit$$00000021  c_w.l(libinit2.o)
    0x080001a0   0x00000000   Code   RO         1044    .ARM.Collect$$libinit$$00000023  c_w.l(libinit2.o)
    0x080001a0   0x00000000   Code   RO         1048    .ARM.Collect$$libinit$$0000002A  c_w.l(libinit2.o)
    0x080001a0   0x00000000   Code   RO         1050    .ARM.Collect$$libinit$$0000002C  c_w.l(libinit2.o)
    0x080001a0   0x00000000   Code   RO         1052    .ARM.Collect$$libinit$$0000002E  c_w.l(libinit2.o)
    0x080001a0   0x00000000   Code   RO         1054    .ARM.Collect$$libinit$$00000030  c_w.l(libinit2.o)
    0x080001a0   0x00000002   Code   RO         1055    .ARM.Collect$$libinit$$00000031  c_w.l(libinit2.o)
    0x080001a2   0x00000002   Code   RO         1075    .ARM.Collect$$libshutdown$$00000000  c_w.l(libshutdown.o)
    0x080001a4   0x00000000   Code   RO         1089    .ARM.Collect$$libshutdown$$00000003  c_w.l(libshutdown2.o)
    0x080001a4   0x00000000   Code   RO         1092    .ARM.Collect$$libshutdown$$00000006  c_w.l(libshutdown2.o)
    0x080001a4   0x00000000   Code   RO         1095    .ARM.Collect$$libshutdown$$00000009  c_w.l(libshutdown2.o)
    0x080001a4   0x00000000   Code   RO         1097    .ARM.Collect$$libshutdown$$0000000B  c_w.l(libshutdown2.o)
    0x080001a4   0x00000000   Code   RO         1100    .ARM.Collect$$libshutdown$$0000000E  c_w.l(libshutdown2.o)
    0x080001a4   0x00000002   Code   RO         1101    .ARM.Collect$$libshutdown$$0000000F  c_w.l(libshutdown2.o)
    0x080001a6   0x00000000   Code   RO          967    .ARM.Collect$$rtentry$$00000000  c_w.l(rtentry.o)
    0x080001a6   0x00000000   Code   RO          978    .ARM.Collect$$rtentry$$00000002  c_w.l(rtentry2.o)
    0x080001a6   0x00000006   Code   RO          990    .ARM.Collect$$rtentry$$00000004  c_w.l(rtentry4.o)
    0x080001ac   0x00000000   Code   RO          980    .ARM.Collect$$rtentry$$00000009  c_w.l(rtentry2.o)
    0x080001ac   0x00000004   Code   RO          981    .ARM.Collect$$rtentry$$0000000A  c_w.l(rtentry2.o)
    0x080001b0   0x00000000   Code   RO          983    .ARM.Collect$$rtentry$$0000000C  c_w.l(rtentry2.o)
    0x080001b0   0x00000008   Code   RO          984    .ARM.Collect$$rtentry$$0000000D  c_w.l(rtentry2.o)
    0x080001b8   0x00000002   Code   RO         1011    .ARM.Collect$$rtexit$$00000000  c_w.l(rtexit.o)
    0x080001ba   0x00000000   Code   RO         1057    .ARM.Collect$$rtexit$$00000002  c_w.l(rtexit2.o)
    0x080001ba   0x00000004   Code   RO         1058    .ARM.Collect$$rtexit$$00000003  c_w.l(rtexit2.o)
    0x080001be   0x00000006   Code   RO         1059    .ARM.Collect$$rtexit$$00000004  c_w.l(rtexit2.o)
    0x080001c4   0x00000084   Code   RO          864    .emb_text           port.o
    0x08000248   0x000001b8   Code   RO            3    .text               system_stm32f10x.o
    0x08000400   0x000000dc   Code   RO           66    .text               misc.o
    0x080004dc   0x0000011c   Code   RO           90    .text               stm32f10x_exti.o
    0x080005f8   0x0000035c   Code   RO          110    .text               stm32f10x_gpio.o
    0x08000954   0x000003c4   Code   RO          130    .text               stm32f10x_rcc.o
    0x08000d18   0x00000014   Code   RO          152    .text               stm32f10x_it.o
    0x08000d2c   0x00000040   Code   RO          176    .text               startup_stm32f10x_md_vl.o
    0x08000d6c   0x00000408   Code   RO          573    .text               stm32f10x_usart.o
    0x08001174   0x00000224   Code   RO          619    .text               main.o
    0x08001398   0x0000002c   Code   RO          697    .text               debug.o
    0x080013c4   0x00000080   Code   RO          727    .text               realtimer.o
    0x08001444   0x00000098   Code   RO          767    .text               list.o
    0x080014dc   0x000005f2   Code   RO          785    .text               queue.o
    0x08001ace   0x00000002   PAD
    0x08001ad0   0x000009d0   Code   RO          800    .text               tasks.o
    0x080024a0   0x0000040c   Code   RO          832    .text               timers.o
    0x080028ac   0x00000130   Code   RO          847    .text               heap_2.o
    0x080029dc   0x000000b0   Code   RO          865    .text               port.o
    0x08002a8c   0x00000134   Code   RO          903    .text               stm32vldiscovery.o
    0x08002bc0   0x00000018   Code   RO          929    .text               c_w.l(noretval__2printf.o)
    0x08002bd8   0x00000068   Code   RO          931    .text               c_w.l(__printf.o)
    0x08002c40   0x00000074   Code   RO          933    .text               c_w.l(_printf_dec.o)
    0x08002cb4   0x0000008a   Code   RO          957    .text               c_w.l(rt_memcpy_v6.o)
    0x08002d3e   0x00000010   Code   RO          959    .text               c_w.l(aeabi_memset.o)
    0x08002d4e   0x00000056   Code   RO          961    .text               c_w.l(strncpy.o)
    0x08002da4   0x00000006   Code   RO          963    .text               c_w.l(heapauxi.o)
    0x08002daa   0x000000b2   Code   RO          968    .text               c_w.l(_printf_intcommon.o)
    0x08002e5c   0x00000024   Code   RO          970    .text               c_w.l(_printf_char_file.o)
    0x08002e80   0x00000064   Code   RO          973    .text               c_w.l(rt_memcpy_w.o)
    0x08002ee4   0x00000044   Code   RO          975    .text               c_w.l(rt_memclr.o)
    0x08002f28   0x00000030   Code   RO          992    .text               c_w.l(_printf_char_common.o)
    0x08002f58   0x0000004e   Code   RO          994    .text               c_w.l(rt_memclr_w.o)
    0x08002fa6   0x0000004a   Code   RO          996    .text               c_w.l(sys_stackheap_outer.o)
    0x08002ff0   0x0000000c   Code   RO         1000    .text               c_w.l(exit.o)
    0x08002ffc   0x00000008   Code   RO         1008    .text               c_w.l(libspace.o)
    0x08003004   0x0000000c   Code   RO         1067    .text               c_w.l(sys_exit.o)
    0x08003010   0x00000002   Code   RO         1078    .text               c_w.l(use_no_semi.o)
    0x08003012   0x00000000   Code   RO         1080    .text               c_w.l(indicate_semi.o)
    0x08003012   0x00000002   PAD
    0x08003014   0x0000001c   Data   RO          904    .constdata          stm32vldiscovery.o
    0x08003030   0x00000020   Data   RO         1132    Region$$Table       anon$$obj.o


    Execution Region RW_IRAM1 (Base: 0x20000000, Size: 0x000018b0, Max: 0x00002000, ABSOLUTE)

    Base Addr    Size         Type   Attr      Idx    E Section Name        Object

    0x20000000   0x00000014   Data   RW            4    .data               system_stm32f10x.o
    0x20000014   0x00000014   Data   RW          131    .data               stm32f10x_rcc.o
    0x20000028   0x00000008   Data   RW          620    .data               main.o
    0x20000030   0x00000004   Data   RW          698    .data               debug.o
    0x20000034   0x00000008   Data   RW          728    .data               realtimer.o
    0x2000003c   0x00000038   Data   RW          802    .data               tasks.o
    0x20000074   0x00000010   Data   RW          834    .data               timers.o
    0x20000084   0x00000018   Data   RW          849    .data               heap_2.o
    0x2000009c   0x00000004   Data   RW          866    .data               port.o
    0x200000a0   0x0000000c   Data   RW          905    .data               stm32vldiscovery.o
    0x200000ac   0x0000017c   Zero   RW          801    .bss                tasks.o
    0x20000228   0x00000028   Zero   RW          833    .bss                timers.o
    0x20000250   0x00001000   Zero   RW          848    .bss                heap_2.o
    0x20001250   0x00000060   Zero   RW         1009    .bss                c_w.l(libspace.o)
    0x200012b0   0x00000200   Zero   RW          174    HEAP                startup_stm32f10x_md_vl.o
    0x200014b0   0x00000400   Zero   RW          173    STACK               startup_stm32f10x_md_vl.o


==============================================================================

Image component sizes


      Code (inc. data)   RO Data    RW Data    ZI Data      Debug   Object Name

        44          6          0          4          0       2429   debug.o
       304         22          0         24       4096       3216   heap_2.o
       152          0          0          0          0       3246   list.o
       548         82          0          8          0      38683   main.o
       220         22          0          0          0       1885   misc.o
       308         20          0          4          0     209997   port.o
      1522          0          0          0          0       7630   queue.o
       128         30          0          8          0       1139   realtimer.o
        64         26        288          0       1536        904   startup_stm32f10x_md_vl.o
       284         10          0          0          0       2323   stm32f10x_exti.o
       860         38          0          0          0       5729   stm32f10x_gpio.o
        20          0          0          0          0        919   stm32f10x_it.o
       964         42          0         20          0       9254   stm32f10x_rcc.o
      1032         22          0          0          0      14576   stm32f10x_usart.o
       308         40         28         12          0       2851   stm32vldiscovery.o
       440         34          0         20          0     232111   system_stm32f10x.o
      2512        178          0         56        380      11630   tasks.o
      1036         36          0         16         40       5632   timers.o

    ----------------------------------------------------------------------
     10748        608        348        172       6052     554154   Object Totals
         0          0         32          0          0          0   (incl. Generated)
         2          0          0          0          0          0   (incl. Padding)

    ----------------------------------------------------------------------

      Code (inc. data)   RO Data    RW Data    ZI Data      Debug   Library Member Name

         8          0          0          0          0         68   __main.o
       104          0          0          0          0         84   __printf.o
        52          8          0          0          0          0   __scatter.o
        26          0          0          0          0          0   __scatter_copy.o
        28          0          0          0          0          0   __scatter_zi.o
        48          6          0          0          0         96   _printf_char_common.o
        36          4          0          0          0         80   _printf_char_file.o
         6          0          0          0          0          0   _printf_d.o
       116         16          0          0          0         92   _printf_dec.o
       178          0          0          0          0         88   _printf_intcommon.o
         0          0          0          0          0          0   _printf_percent.o
         4          0          0          0          0          0   _printf_percent_end.o
        16          0          0          0          0         68   aeabi_memset.o
        12          0          0          0          0         72   exit.o
         6          0          0          0          0        152   heapauxi.o
         0          0          0          0          0          0   indicate_semi.o
         2          0          0          0          0          0   libinit.o
         2          0          0          0          0          0   libinit2.o
         2          0          0          0          0          0   libshutdown.o
         2          0          0          0          0          0   libshutdown2.o
         8          4          0          0         96         68   libspace.o
        24          4          0          0          0         84   noretval__2printf.o
        68          0          0          0          0         68   rt_memclr.o
        78          0          0          0          0         80   rt_memclr_w.o
       138          0          0          0          0         68   rt_memcpy_v6.o
       100          0          0          0          0         80   rt_memcpy_w.o
         0          0          0          0          0          0   rtentry.o
        12          0          0          0          0          0   rtentry2.o
         6          0          0          0          0          0   rtentry4.o
         2          0          0          0          0          0   rtexit.o
        10          0          0          0          0          0   rtexit2.o
        86          0          0          0          0         76   strncpy.o
        12          4          0          0          0         68   sys_exit.o
        74          0          0          0          0         80   sys_stackheap_outer.o
         2          0          0          0          0         68   use_no_semi.o

    ----------------------------------------------------------------------
      1272         46          0          0         96       1540   Library Totals
         4          0          0          0          0          0   (incl. Padding)

    ----------------------------------------------------------------------

      Code (inc. data)   RO Data    RW Data    ZI Data      Debug   Library Name

      1268         46          0          0         96       1540   c_w.l

    ----------------------------------------------------------------------
      1272         46          0          0         96       1540   Library Totals

    ----------------------------------------------------------------------

==============================================================================


      Code (inc. data)   RO Data    RW Data    ZI Data      Debug   

     12020        654        348        172       6148     553038   Grand Totals
     12020        654        348        172       6148     553038   ELF Image Totals
     12020        654        348        172          0          0   ROM Totals

==============================================================================

    Total RO  Size (Code + RO Data)                12368 (  12.08kB)
    Total RW  Size (RW Data + ZI Data)              6320 (   6.17kB)
    Total ROM Size (Code + RO Data + RW Data)      12540 (  12.25kB)

==============================================================================

